Archive member included to satisfy reference by file (symbol)

/usr/lib/gcc/arm-none-eabi/9.2.0/thumb/v7e-m+fp/hard/libgcc.a(_aeabi_uldivmod.o)
                              CMakeFiles/CANOpen-STM32.elf.dir/Drivers/STM32F4xx_HAL_Driver/Src/stm32f4xx_hal_rcc.c.obj (__aeabi_uldivmod)
/usr/lib/gcc/arm-none-eabi/9.2.0/thumb/v7e-m+fp/hard/libgcc.a(_udivmoddi4.o)
                              /usr/lib/gcc/arm-none-eabi/9.2.0/thumb/v7e-m+fp/hard/libgcc.a(_aeabi_uldivmod.o) (__udivmoddi4)
/usr/lib/gcc/arm-none-eabi/9.2.0/thumb/v7e-m+fp/hard/libgcc.a(_dvmd_tls.o)
                              /usr/lib/gcc/arm-none-eabi/9.2.0/thumb/v7e-m+fp/hard/libgcc.a(_aeabi_uldivmod.o) (__aeabi_ldiv0)
/usr/lib/gcc/arm-none-eabi/9.2.0/../../../../arm-none-eabi/lib/thumb/v7e-m+fp/hard/libg_nano.a(lib_a-atexit.o)
                              /usr/lib/gcc/arm-none-eabi/9.2.0/../../../../arm-none-eabi/lib/thumb/v7e-m+fp/hard/crt0.o (atexit)
/usr/lib/gcc/arm-none-eabi/9.2.0/../../../../arm-none-eabi/lib/thumb/v7e-m+fp/hard/libg_nano.a(lib_a-errno.o)
                              CMakeFiles/CANOpen-STM32.elf.dir/Src/syscalls.c.obj (__errno)
/usr/lib/gcc/arm-none-eabi/9.2.0/../../../../arm-none-eabi/lib/thumb/v7e-m+fp/hard/libg_nano.a(lib_a-exit.o)
                              /usr/lib/gcc/arm-none-eabi/9.2.0/../../../../arm-none-eabi/lib/thumb/v7e-m+fp/hard/crt0.o (exit)
/usr/lib/gcc/arm-none-eabi/9.2.0/../../../../arm-none-eabi/lib/thumb/v7e-m+fp/hard/libg_nano.a(lib_a-fini.o)
                              /usr/lib/gcc/arm-none-eabi/9.2.0/../../../../arm-none-eabi/lib/thumb/v7e-m+fp/hard/crt0.o (__libc_fini_array)
/usr/lib/gcc/arm-none-eabi/9.2.0/../../../../arm-none-eabi/lib/thumb/v7e-m+fp/hard/libg_nano.a(lib_a-impure.o)
                              /usr/lib/gcc/arm-none-eabi/9.2.0/../../../../arm-none-eabi/lib/thumb/v7e-m+fp/hard/libg_nano.a(lib_a-exit.o) (_global_impure_ptr)
/usr/lib/gcc/arm-none-eabi/9.2.0/../../../../arm-none-eabi/lib/thumb/v7e-m+fp/hard/libg_nano.a(lib_a-init.o)
                              /usr/lib/gcc/arm-none-eabi/9.2.0/../../../../arm-none-eabi/lib/thumb/v7e-m+fp/hard/crt0.o (__libc_init_array)
/usr/lib/gcc/arm-none-eabi/9.2.0/../../../../arm-none-eabi/lib/thumb/v7e-m+fp/hard/libg_nano.a(lib_a-memcpy-stub.o)
                              CMakeFiles/CANOpen-STM32.elf.dir/Middlewares/Third_Party/FreeRTOS/Source/CMSIS_RTOS_V2/cmsis_os2.c.obj (memcpy)
/usr/lib/gcc/arm-none-eabi/9.2.0/../../../../arm-none-eabi/lib/thumb/v7e-m+fp/hard/libg_nano.a(lib_a-memset.o)
                              /usr/lib/gcc/arm-none-eabi/9.2.0/../../../../arm-none-eabi/lib/thumb/v7e-m+fp/hard/crt0.o (memset)
/usr/lib/gcc/arm-none-eabi/9.2.0/../../../../arm-none-eabi/lib/thumb/v7e-m+fp/hard/libg_nano.a(lib_a-vsprintf.o)
                              CMakeFiles/CANOpen-STM32.elf.dir/Src/usart.c.obj (vsprintf)
/usr/lib/gcc/arm-none-eabi/9.2.0/../../../../arm-none-eabi/lib/thumb/v7e-m+fp/hard/libg_nano.a(lib_a-__atexit.o)
                              /usr/lib/gcc/arm-none-eabi/9.2.0/../../../../arm-none-eabi/lib/thumb/v7e-m+fp/hard/libg_nano.a(lib_a-atexit.o) (__register_exitproc)
/usr/lib/gcc/arm-none-eabi/9.2.0/../../../../arm-none-eabi/lib/thumb/v7e-m+fp/hard/libg_nano.a(lib_a-__call_atexit.o)
                              /usr/lib/gcc/arm-none-eabi/9.2.0/../../../../arm-none-eabi/lib/thumb/v7e-m+fp/hard/libg_nano.a(lib_a-__atexit.o) (__call_exitprocs)
/usr/lib/gcc/arm-none-eabi/9.2.0/../../../../arm-none-eabi/lib/thumb/v7e-m+fp/hard/libg_nano.a(lib_a-lock.o)
                              /usr/lib/gcc/arm-none-eabi/9.2.0/../../../../arm-none-eabi/lib/thumb/v7e-m+fp/hard/libg_nano.a(lib_a-__atexit.o) (__retarget_lock_acquire_recursive)
/usr/lib/gcc/arm-none-eabi/9.2.0/../../../../arm-none-eabi/lib/thumb/v7e-m+fp/hard/libg_nano.a(lib_a-nano-svfprintf.o)
                              /usr/lib/gcc/arm-none-eabi/9.2.0/../../../../arm-none-eabi/lib/thumb/v7e-m+fp/hard/libg_nano.a(lib_a-vsprintf.o) (_svfprintf_r)
/usr/lib/gcc/arm-none-eabi/9.2.0/../../../../arm-none-eabi/lib/thumb/v7e-m+fp/hard/libg_nano.a(lib_a-nano-vfprintf_i.o)
                              /usr/lib/gcc/arm-none-eabi/9.2.0/../../../../arm-none-eabi/lib/thumb/v7e-m+fp/hard/libg_nano.a(lib_a-nano-svfprintf.o) (_printf_i)
/usr/lib/gcc/arm-none-eabi/9.2.0/../../../../arm-none-eabi/lib/thumb/v7e-m+fp/hard/libg_nano.a(lib_a-memchr.o)
                              /usr/lib/gcc/arm-none-eabi/9.2.0/../../../../arm-none-eabi/lib/thumb/v7e-m+fp/hard/libg_nano.a(lib_a-nano-svfprintf.o) (memchr)
/usr/lib/gcc/arm-none-eabi/9.2.0/../../../../arm-none-eabi/lib/thumb/v7e-m+fp/hard/libg_nano.a(lib_a-memmove.o)
                              /usr/lib/gcc/arm-none-eabi/9.2.0/../../../../arm-none-eabi/lib/thumb/v7e-m+fp/hard/libg_nano.a(lib_a-nano-svfprintf.o) (memmove)
/usr/lib/gcc/arm-none-eabi/9.2.0/../../../../arm-none-eabi/lib/thumb/v7e-m+fp/hard/libg_nano.a(lib_a-nano-freer.o)
[...]
Memory Configuration

Name             Origin             Length             Attributes
RAM              0x0000000020000000 0x0000000000020000 xrw
FLASH            0x0000000008000000 0x0000000000080000 xr
*default*        0x0000000000000000 0xffffffffffffffff

Linker script and memory map

LOAD /usr/lib/gcc/arm-none-eabi/9.2.0/thumb/v7e-m+fp/hard/crti.o
LOAD /usr/lib/gcc/arm-none-eabi/9.2.0/thumb/v7e-m+fp/hard/crtbegin.o
LOAD /usr/lib/gcc/arm-none-eabi/9.2.0/../../../../arm-none-eabi/lib/thumb/v7e-m+fp/hard/crt0.o
LOAD CMakeFiles/CANOpen-STM32.elf.dir/Drivers/STM32F4xx_HAL_Driver/Src/stm32f4xx_hal.c.obj
LOAD CMakeFiles/CANOpen-STM32.elf.dir/Drivers/STM32F4xx_HAL_Driver/Src/stm32f4xx_hal_can.c.obj
LOAD CMakeFiles/CANOpen-STM32.elf.dir/Drivers/STM32F4xx_HAL_Driver/Src/stm32f4xx_hal_cortex.c.obj
LOAD CMakeFiles/CANOpen-STM32.elf.dir/Drivers/STM32F4xx_HAL_Driver/Src/stm32f4xx_hal_dma.c.obj
LOAD CMakeFiles/CANOpen-STM32.elf.dir/Drivers/STM32F4xx_HAL_Driver/Src/stm32f4xx_hal_dma_ex.c.obj
LOAD CMakeFiles/CANOpen-STM32.elf.dir/Drivers/STM32F4xx_HAL_Driver/Src/stm32f4xx_hal_exti.c.obj
LOAD CMakeFiles/CANOpen-STM32.elf.dir/Drivers/STM32F4xx_HAL_Driver/Src/stm32f4xx_hal_flash.c.obj
LOAD CMakeFiles/CANOpen-STM32.elf.dir/Drivers/STM32F4xx_HAL_Driver/Src/stm32f4xx_hal_flash_ex.c.obj
LOAD CMakeFiles/CANOpen-STM32.elf.dir/Drivers/STM32F4xx_HAL_Driver/Src/stm32f4xx_hal_flash_ramfunc.c.obj
LOAD CMakeFiles/CANOpen-STM32.elf.dir/Drivers/STM32F4xx_HAL_Driver/Src/stm32f4xx_hal_gpio.c.obj
LOAD CMakeFiles/CANOpen-STM32.elf.dir/Drivers/STM32F4xx_HAL_Driver/Src/stm32f4xx_hal_pwr.c.obj
LOAD CMakeFiles/CANOpen-STM32.elf.dir/Drivers/STM32F4xx_HAL_Driver/Src/stm32f4xx_hal_pwr_ex.c.obj
LOAD CMakeFiles/CANOpen-STM32.elf.dir/Drivers/STM32F4xx_HAL_Driver/Src/stm32f4xx_hal_rcc.c.obj
LOAD CMakeFiles/CANOpen-STM32.elf.dir/Drivers/STM32F4xx_HAL_Driver/Src/stm32f4xx_hal_rcc_ex.c.obj
LOAD CMakeFiles/CANOpen-STM32.elf.dir/Drivers/STM32F4xx_HAL_Driver/Src/stm32f4xx_hal_tim.c.obj
LOAD CMakeFiles/CANOpen-STM32.elf.dir/Drivers/STM32F4xx_HAL_Driver/Src/stm32f4xx_hal_tim_ex.c.obj
LOAD CMakeFiles/CANOpen-STM32.elf.dir/Drivers/STM32F4xx_HAL_Driver/Src/stm32f4xx_hal_uart.c.obj
LOAD CMakeFiles/CANOpen-STM32.elf.dir/Middlewares/Third_Party/FreeRTOS/Source/CMSIS_RTOS_V2/cmsis_os2.c.obj
LOAD CMakeFiles/CANOpen-STM32.elf.dir/Middlewares/Third_Party/FreeRTOS/Source/croutine.c.obj
LOAD CMakeFiles/CANOpen-STM32.elf.dir/Middlewares/Third_Party/FreeRTOS/Source/event_groups.c.obj
LOAD CMakeFiles/CANOpen-STM32.elf.dir/Middlewares/Third_Party/FreeRTOS/Source/list.c.obj
LOAD CMakeFiles/CANOpen-STM32.elf.dir/Middlewares/Third_Party/FreeRTOS/Source/portable/GCC/ARM_CM4F/port.c.obj
LOAD CMakeFiles/CANOpen-STM32.elf.dir/Middlewares/Third_Party/FreeRTOS/Source/portable/MemMang/heap_4.c.obj
LOAD CMakeFiles/CANOpen-STM32.elf.dir/Middlewares/Third_Party/FreeRTOS/Source/queue.c.obj
LOAD CMakeFiles/CANOpen-STM32.elf.dir/Middlewares/Third_Party/FreeRTOS/Source/stream_buffer.c.obj
LOAD CMakeFiles/CANOpen-STM32.elf.dir/Middlewares/Third_Party/FreeRTOS/Source/tasks.c.obj
LOAD CMakeFiles/CANOpen-STM32.elf.dir/Middlewares/Third_Party/FreeRTOS/Source/timers.c.obj
LOAD CMakeFiles/CANOpen-STM32.elf.dir/Src/can.c.obj
LOAD CMakeFiles/CANOpen-STM32.elf.dir/Src/dma.c.obj
LOAD CMakeFiles/CANOpen-STM32.elf.dir/Src/freertos.c.obj
LOAD CMakeFiles/CANOpen-STM32.elf.dir/Src/gpio.c.obj
LOAD CMakeFiles/CANOpen-STM32.elf.dir/Src/main.c.obj
LOAD CMakeFiles/CANOpen-STM32.elf.dir/Src/stm32f4xx_hal_msp.c.obj
LOAD CMakeFiles/CANOpen-STM32.elf.dir/Src/stm32f4xx_hal_timebase_tim.c.obj
LOAD CMakeFiles/CANOpen-STM32.elf.dir/Src/stm32f4xx_it.c.obj
LOAD CMakeFiles/CANOpen-STM32.elf.dir/Src/sys.c.obj
LOAD CMakeFiles/CANOpen-STM32.elf.dir/Src/syscalls.c.obj
LOAD CMakeFiles/CANOpen-STM32.elf.dir/Src/system_stm32f4xx.c.obj
LOAD CMakeFiles/CANOpen-STM32.elf.dir/Src/usart.c.obj
LOAD CMakeFiles/CANOpen-STM32.elf.dir/startup/startup_stm32f446xx.s.obj
START GROUP
LOAD /usr/lib/gcc/arm-none-eabi/9.2.0/thumb/v7e-m+fp/hard/libgcc.a
LOAD /usr/lib/gcc/arm-none-eabi/9.2.0/../../../../arm-none-eabi/lib/thumb/v7e-m+fp/hard/libg_nano.a
LOAD /usr/lib/gcc/arm-none-eabi/9.2.0/../../../../arm-none-eabi/lib/thumb/v7e-m+fp/hard/libc_nano.a
END GROUP
START GROUP
LOAD /usr/lib/gcc/arm-none-eabi/9.2.0/thumb/v7e-m+fp/hard/libgcc.a
LOAD /usr/lib/gcc/arm-none-eabi/9.2.0/../../../../arm-none-eabi/lib/thumb/v7e-m+fp/hard/libc_nano.a
LOAD /usr/lib/gcc/arm-none-eabi/9.2.0/../../../../arm-none-eabi/lib/thumb/v7e-m+fp/hard/libnosys.a
END GROUP
START GROUP
LOAD /usr/lib/gcc/arm-none-eabi/9.2.0/thumb/v7e-m+fp/hard/libgcc.a
LOAD /usr/lib/gcc/arm-none-eabi/9.2.0/../../../../arm-none-eabi/lib/thumb/v7e-m+fp/hard/libc_nano.a
LOAD /usr/lib/gcc/arm-none-eabi/9.2.0/../../../../arm-none-eabi/lib/thumb/v7e-m+fp/hard/libnosys.a
END GROUP
LOAD /usr/lib/gcc/arm-none-eabi/9.2.0/thumb/v7e-m+fp/hard/crtend.o
LOAD /usr/lib/gcc/arm-none-eabi/9.2.0/thumb/v7e-m+fp/hard/crtn.o
                0x0000000020020000                _estack = 0x20020000
                0x0000000000000200                _Min_Heap_Size = 0x200
                0x0000000000000400                _Min_Stack_Size = 0x400

.isr_vector     0x0000000008000000      0x1c4
                0x0000000008000000                . = ALIGN (0x4)
 *(.isr_vector)
 .isr_vector    0x0000000008000000      0x1c4 CMakeFiles/CANOpen-STM32.elf.dir/startup/startup_stm32f446xx.s.obj
                0x0000000008000000                g_pfnVectors
                0x00000000080001c4                . = ALIGN (0x4)

.text           0x00000000080001d0     0x5ef4
                0x00000000080001d0                . = ALIGN (0x4)
 *(.text)
 .text          0x00000000080001d0       0x30 /usr/lib/gcc/arm-none-eabi/9.2.0/thumb/v7e-m+fp/hard/libgcc.a(_aeabi_uldivmod.o)
                0x00000000080001d0                __aeabi_uldivmod
 .text          0x0000000008000200        0x4 /usr/lib/gcc/arm-none-eabi/9.2.0/thumb/v7e-m+fp/hard/libgcc.a(_dvmd_tls.o)
                0x0000000008000200                __aeabi_ldiv0
                0x0000000008000200                __aeabi_idiv0
 *(.text*)
 .text.__do_global_dtors_aux
                0x0000000008000204       0x24 /usr/lib/gcc/arm-none-eabi/9.2.0/thumb/v7e-m+fp/hard/crtbegin.o
 .text.frame_dummy
                0x0000000008000228       0x1c /usr/lib/gcc/arm-none-eabi/9.2.0/thumb/v7e-m+fp/hard/crtbegin.o
 .text.HAL_Init
                0x0000000008000244       0x44 CMakeFiles/CANOpen-STM32.elf.dir/Drivers/STM32F4xx_HAL_Driver/Src/stm32f4xx_hal.c.obj
                0x0000000008000244                HAL_Init
 .text.HAL_IncTick
                0x0000000008000288       0x28 CMakeFiles/CANOpen-STM32.elf.dir/Drivers/STM32F4xx_HAL_Driver/Src/stm32f4xx_hal.c.obj
                0x0000000008000288                HAL_IncTick
 .text.HAL_GetTick
                0x00000000080002b0       0x18 CMakeFiles/CANOpen-STM32.elf.dir/Drivers/STM32F4xx_HAL_Driver/Src/stm32f4xx_hal.c.obj
                0x00000000080002b0                HAL_GetTick
 .text.HAL_CAN_Init
                0x00000000080002c8      0x1f6 CMakeFiles/CANOpen-STM32.elf.dir/Drivers/STM32F4xx_HAL_Driver/Src/stm32f4xx_hal_can.c.obj
                0x00000000080002c8                HAL_CAN_Init
 .text.HAL_CAN_IRQHandler
                0x00000000080004be      0x36e CMakeFiles/CANOpen-STM32.elf.dir/Drivers/STM32F4xx_HAL_Driver/Src/stm32f4xx_hal_can.c.obj
                0x00000000080004be                HAL_CAN_IRQHandler
 .text.HAL_CAN_TxMailbox0CompleteCallback
                0x000000000800082c       0x14 CMakeFiles/CANOpen-STM32.elf.dir/Drivers/STM32F4xx_HAL_Driver/Src/stm32f4xx_hal_can.c.obj
                0x000000000800082c                HAL_CAN_TxMailbox0CompleteCallback
 .text.HAL_CAN_TxMailbox1CompleteCallback
                0x0000000008000840       0x14 CMakeFiles/CANOpen-STM32.elf.dir/Drivers/STM32F4xx_HAL_Driver/Src/stm32f4xx_hal_can.c.obj
                0x0000000008000840                HAL_CAN_TxMailbox1CompleteCallback
 .text.HAL_CAN_TxMailbox2CompleteCallback
                0x0000000008000854       0x14 CMakeFiles/CANOpen-STM32.elf.dir/Drivers/STM32F4xx_HAL_Driver/Src/stm32f4xx_hal_can.c.obj
                0x0000000008000854                HAL_CAN_TxMailbox2CompleteCallback
 .text.HAL_CAN_TxMailbox0AbortCallback
                0x0000000008000868       0x14 CMakeFiles/CANOpen-STM32.elf.dir/Drivers/STM32F4xx_HAL_Driver/Src/stm32f4xx_hal_can.c.obj
                0x0000000008000868                HAL_CAN_TxMailbox0AbortCallback
 .text.HAL_CAN_TxMailbox1AbortCallback
                0x000000000800087c       0x14 CMakeFiles/CANOpen-STM32.elf.dir/Drivers/STM32F4xx_HAL_Driver/Src/stm32f4xx_hal_can.c.obj
                0x000000000800087c                HAL_CAN_TxMailbox1AbortCallback
 .text.HAL_CAN_TxMailbox2AbortCallback
                0x0000000008000890       0x14 CMakeFiles/CANOpen-STM32.elf.dir/Drivers/STM32F4xx_HAL_Driver/Src/stm32f4xx_hal_can.c.obj
                0x0000000008000890                HAL_CAN_TxMailbox2AbortCallback
 .text.HAL_CAN_RxFifo0MsgPendingCallback
                0x00000000080008a4       0x14 CMakeFiles/CANOpen-STM32.elf.dir/Drivers/STM32F4xx_HAL_Driver/Src/stm32f4xx_hal_can.c.obj
                0x00000000080008a4                HAL_CAN_RxFifo0MsgPendingCallback
 .text.HAL_CAN_RxFifo0FullCallback
                0x00000000080008b8       0x14 CMakeFiles/CANOpen-STM32.elf.dir/Drivers/STM32F4xx_HAL_Driver/Src/stm32f4xx_hal_can.c.obj
                0x00000000080008b8                HAL_CAN_RxFifo0FullCallback
 .text.HAL_CAN_RxFifo1MsgPendingCallback
                0x00000000080008cc       0x14 CMakeFiles/CANOpen-STM32.elf.dir/Drivers/STM32F4xx_HAL_Driver/Src/stm32f4xx_hal_can.c.obj
                0x00000000080008cc                HAL_CAN_RxFifo1MsgPendingCallback
 .text.HAL_CAN_RxFifo1FullCallback
                0x00000000080008e0       0x14 CMakeFiles/CANOpen-STM32.elf.dir/Drivers/STM32F4xx_HAL_Driver/Src/stm32f4xx_hal_can.c.obj
                0x00000000080008e0                HAL_CAN_RxFifo1FullCallback
 .text.HAL_CAN_SleepCallback
                0x00000000080008f4       0x14 CMakeFiles/CANOpen-STM32.elf.dir/Drivers/STM32F4xx_HAL_Driver/Src/stm32f4xx_hal_can.c.obj
                0x00000000080008f4                HAL_CAN_SleepCallback
 .text.HAL_CAN_WakeUpFromRxMsgCallback
                0x0000000008000908       0x14 CMakeFiles/CANOpen-STM32.elf.dir/Drivers/STM32F4xx_HAL_Driver/Src/stm32f4xx_hal_can.c.obj
                0x0000000008000908                HAL_CAN_WakeUpFromRxMsgCallback
 .text.HAL_CAN_ErrorCallback
                0x000000000800091c       0x14 CMakeFiles/CANOpen-STM32.elf.dir/Drivers/STM32F4xx_HAL_Driver/Src/stm32f4xx_hal_can.c.obj
                0x000000000800091c                HAL_CAN_ErrorCallback
 .text.__NVIC_SetPriorityGrouping
                0x0000000008000930       0x48 CMakeFiles/CANOpen-STM32.elf.dir/Drivers/STM32F4xx_HAL_Driver/Src/stm32f4xx_hal_cortex.c.obj
 .text.__NVIC_GetPriorityGrouping
                0x0000000008000978       0x1c CMakeFiles/CANOpen-STM32.elf.dir/Drivers/STM32F4xx_HAL_Driver/Src/stm32f4xx_hal_cortex.c.obj
 .text.__NVIC_EnableIRQ
                0x0000000008000994       0x3c CMakeFiles/CANOpen-STM32.elf.dir/Drivers/STM32F4xx_HAL_Driver/Src/stm32f4xx_hal_cortex.c.obj
 .text.__NVIC_SetPriority
                0x00000000080009d0       0x54 CMakeFiles/CANOpen-STM32.elf.dir/Drivers/STM32F4xx_HAL_Driver/Src/stm32f4xx_hal_cortex.c.obj
 .text.NVIC_EncodePriority
                0x0000000008000a24       0x66 CMakeFiles/CANOpen-STM32.elf.dir/Drivers/STM32F4xx_HAL_Driver/Src/stm32f4xx_hal_cortex.c.obj
 .text.HAL_NVIC_SetPriorityGrouping
                0x0000000008000a8a       0x16 CMakeFiles/CANOpen-STM32.elf.dir/Drivers/STM32F4xx_HAL_Driver/Src/stm32f4xx_hal_cortex.c.obj
                0x0000000008000a8a                HAL_NVIC_SetPriorityGrouping
 .text.HAL_NVIC_SetPriority
                0x0000000008000aa0       0x38 CMakeFiles/CANOpen-STM32.elf.dir/Drivers/STM32F4xx_HAL_Driver/Src/stm32f4xx_hal_cortex.c.obj
                0x0000000008000aa0                HAL_NVIC_SetPriority
 .text.HAL_NVIC_EnableIRQ
                0x0000000008000ad8       0x1c CMakeFiles/CANOpen-STM32.elf.dir/Drivers/STM32F4xx_HAL_Driver/Src/stm32f4xx_hal_cortex.c.obj
                0x0000000008000ad8                HAL_NVIC_EnableIRQ
 .text.HAL_DMA_Init
                0x0000000008000af4      0x15c CMakeFiles/CANOpen-STM32.elf.dir/Drivers/STM32F4xx_HAL_Driver/Src/stm32f4xx_hal_dma.c.obj
                0x0000000008000af4                HAL_DMA_Init
 .text.HAL_DMA_IRQHandler
                0x0000000008000c50      0x314 CMakeFiles/CANOpen-STM32.elf.dir/Drivers/STM32F4xx_HAL_Driver/Src/stm32f4xx_hal_dma.c.obj
                0x0000000008000c50                HAL_DMA_IRQHandler
 .text.DMA_CalcBaseAndBitshift
                0x0000000008000f64       0x6c CMakeFiles/CANOpen-STM32.elf.dir/Drivers/STM32F4xx_HAL_Driver/Src/stm32f4xx_hal_dma.c.obj
 .text.DMA_CheckFifoParam
                0x0000000008000fd0       0xf8 CMakeFiles/CANOpen-STM32.elf.dir/Drivers/STM32F4xx_HAL_Driver/Src/stm32f4xx_hal_dma.c.obj
 .text.HAL_GPIO_Init
                0x00000000080010c8      0x328 CMakeFiles/CANOpen-STM32.elf.dir/Drivers/STM32F4xx_HAL_Driver/Src/stm32f4xx_hal_gpio.c.obj
                0x00000000080010c8                HAL_GPIO_Init
 .text.HAL_PWREx_EnableOverDrive
                0x00000000080013f0       0xa0 CMakeFiles/CANOpen-STM32.elf.dir/Drivers/STM32F4xx_HAL_Driver/Src/stm32f4xx_hal_pwr_ex.c.obj
                0x00000000080013f0                HAL_PWREx_EnableOverDrive
 .text.HAL_RCC_ClockConfig
                0x0000000008001490      0x1cc CMakeFiles/CANOpen-STM32.elf.dir/Drivers/STM32F4xx_HAL_Driver/Src/stm32f4xx_hal_rcc.c.obj
                0x0000000008001490                HAL_RCC_ClockConfig
 .text.HAL_RCC_GetHCLKFreq
                0x000000000800165c       0x18 CMakeFiles/CANOpen-STM32.elf.dir/Drivers/STM32F4xx_HAL_Driver/Src/stm32f4xx_hal_rcc.c.obj
                0x000000000800165c                HAL_RCC_GetHCLKFreq
 .text.HAL_RCC_GetPCLK1Freq
                0x0000000008001674       0x28 CMakeFiles/CANOpen-STM32.elf.dir/Drivers/STM32F4xx_HAL_Driver/Src/stm32f4xx_hal_rcc.c.obj
                0x0000000008001674                HAL_RCC_GetPCLK1Freq
 .text.HAL_RCC_GetPCLK2Freq
                0x000000000800169c       0x28 CMakeFiles/CANOpen-STM32.elf.dir/Drivers/STM32F4xx_HAL_Driver/Src/stm32f4xx_hal_rcc.c.obj
                0x000000000800169c                HAL_RCC_GetPCLK2Freq
 .text.HAL_RCC_GetClockConfig
                0x00000000080016c4       0x64 CMakeFiles/CANOpen-STM32.elf.dir/Drivers/STM32F4xx_HAL_Driver/Src/stm32f4xx_hal_rcc.c.obj
                0x00000000080016c4                HAL_RCC_GetClockConfig
 .text.HAL_RCC_GetSysClockFreq
                0x0000000008001728      0x364 CMakeFiles/CANOpen-STM32.elf.dir/Drivers/STM32F4xx_HAL_Driver/Src/stm32f4xx_hal_rcc_ex.c.obj
                0x0000000008001728                HAL_RCC_GetSysClockFreq
 .text.HAL_RCC_OscConfig
                0x0000000008001a8c      0x4b4 CMakeFiles/CANOpen-STM32.elf.dir/Drivers/STM32F4xx_HAL_Driver/Src/stm32f4xx_hal_rcc_ex.c.obj
                0x0000000008001a8c                HAL_RCC_OscConfig
 .text.HAL_TIM_Base_Init
                0x0000000008001f40       0x56 CMakeFiles/CANOpen-STM32.elf.dir/Drivers/STM32F4xx_HAL_Driver/Src/stm32f4xx_hal_tim.c.obj
                0x0000000008001f40                HAL_TIM_Base_Init
 .text.HAL_TIM_Base_MspInit
                0x0000000008001f96       0x14 CMakeFiles/CANOpen-STM32.elf.dir/Drivers/STM32F4xx_HAL_Driver/Src/stm32f4xx_hal_tim.c.obj
                0x0000000008001f96                HAL_TIM_Base_MspInit
 .text.HAL_TIM_Base_Start_IT
                0x0000000008001faa       0x48 CMakeFiles/CANOpen-STM32.elf.dir/Drivers/STM32F4xx_HAL_Driver/Src/stm32f4xx_hal_tim.c.obj
                0x0000000008001faa                HAL_TIM_Base_Start_IT
 .text.HAL_TIM_IRQHandler
                0x0000000008001ff2      0x210 CMakeFiles/CANOpen-STM32.elf.dir/Drivers/STM32F4xx_HAL_Driver/Src/stm32f4xx_hal_tim.c.obj
                0x0000000008001ff2                HAL_TIM_IRQHandler
 .text.HAL_TIM_OC_DelayElapsedCallback
                0x0000000008002202       0x14 CMakeFiles/CANOpen-STM32.elf.dir/Drivers/STM32F4xx_HAL_Driver/Src/stm32f4xx_hal_tim.c.obj
                0x0000000008002202                HAL_TIM_OC_DelayElapsedCallback
 .text.HAL_TIM_IC_CaptureCallback
                0x0000000008002216       0x14 CMakeFiles/CANOpen-STM32.elf.dir/Drivers/STM32F4xx_HAL_Driver/Src/stm32f4xx_hal_tim.c.obj
                0x0000000008002216                HAL_TIM_IC_CaptureCallback
 .text.HAL_TIM_PWM_PulseFinishedCallback
                0x000000000800222a       0x14 CMakeFiles/CANOpen-STM32.elf.dir/Drivers/STM32F4xx_HAL_Driver/Src/stm32f4xx_hal_tim.c.obj
                0x000000000800222a                HAL_TIM_PWM_PulseFinishedCallback
 .text.HAL_TIM_TriggerCallback
                0x000000000800223e       0x14 CMakeFiles/CANOpen-STM32.elf.dir/Drivers/STM32F4xx_HAL_Driver/Src/stm32f4xx_hal_tim.c.obj
                0x000000000800223e                HAL_TIM_TriggerCallback
 *fill*         0x0000000008002252        0x2 
 .text.TIM_Base_SetConfig
                0x0000000008002254      0x140 CMakeFiles/CANOpen-STM32.elf.dir/Drivers/STM32F4xx_HAL_Driver/Src/stm32f4xx_hal_tim.c.obj
                0x0000000008002254                TIM_Base_SetConfig
 .text.HAL_TIMEx_CommutCallback
                0x0000000008002394       0x14 CMakeFiles/CANOpen-STM32.elf.dir/Drivers/STM32F4xx_HAL_Driver/Src/stm32f4xx_hal_tim_ex.c.obj
                0x0000000008002394                HAL_TIMEx_CommutCallback
 .text.HAL_TIMEx_BreakCallback
                0x00000000080023a8       0x14 CMakeFiles/CANOpen-STM32.elf.dir/Drivers/STM32F4xx_HAL_Driver/Src/stm32f4xx_hal_tim_ex.c.obj
                0x00000000080023a8                HAL_TIMEx_BreakCallback
 .text.HAL_UART_Init
                0x00000000080023bc       0x9a CMakeFiles/CANOpen-STM32.elf.dir/Drivers/STM32F4xx_HAL_Driver/Src/stm32f4xx_hal_uart.c.obj
                0x00000000080023bc                HAL_UART_Init
 *fill*         0x0000000008002456        0x2 
 .text.UART_SetConfig
                0x0000000008002458      0x738 CMakeFiles/CANOpen-STM32.elf.dir/Drivers/STM32F4xx_HAL_Driver/Src/stm32f4xx_hal_uart.c.obj
 .text.osKernelInitialize
                0x0000000008002b90       0x68 CMakeFiles/CANOpen-STM32.elf.dir/Middlewares/Third_Party/FreeRTOS/Source/CMSIS_RTOS_V2/cmsis_os2.c.obj
                0x0000000008002b90                osKernelInitialize
 .text.osKernelStart
                0x0000000008002bf8       0x68 CMakeFiles/CANOpen-STM32.elf.dir/Middlewares/Third_Party/FreeRTOS/Source/CMSIS_RTOS_V2/cmsis_os2.c.obj
                0x0000000008002bf8                osKernelStart
 .text.osThreadNew
                0x0000000008002c60      0x154 CMakeFiles/CANOpen-STM32.elf.dir/Middlewares/Third_Party/FreeRTOS/Source/CMSIS_RTOS_V2/cmsis_os2.c.obj
                0x0000000008002c60                osThreadNew
 .text.osDelay  0x0000000008002db4       0x5c CMakeFiles/CANOpen-STM32.elf.dir/Middlewares/Third_Party/FreeRTOS/Source/CMSIS_RTOS_V2/cmsis_os2.c.obj
                0x0000000008002db4                osDelay
 .text.vApplicationGetIdleTaskMemory
                0x0000000008002e10       0x34 CMakeFiles/CANOpen-STM32.elf.dir/Middlewares/Third_Party/FreeRTOS/Source/CMSIS_RTOS_V2/cmsis_os2.c.obj
                0x0000000008002e10                vApplicationGetIdleTaskMemory
 .text.vApplicationGetTimerTaskMemory
                0x0000000008002e44       0x34 CMakeFiles/CANOpen-STM32.elf.dir/Middlewares/Third_Party/FreeRTOS/Source/CMSIS_RTOS_V2/cmsis_os2.c.obj
                0x0000000008002e44                vApplicationGetTimerTaskMemory
 .text.vListInitialise
                0x0000000008002e78       0x40 CMakeFiles/CANOpen-STM32.elf.dir/Middlewares/Third_Party/FreeRTOS/Source/list.c.obj
                0x0000000008002e78                vListInitialise
 .text.vListInitialiseItem
                0x0000000008002eb8       0x1a CMakeFiles/CANOpen-STM32.elf.dir/Middlewares/Third_Party/FreeRTOS/Source/list.c.obj
                0x0000000008002eb8                vListInitialiseItem
 .text.vListInsertEnd
                0x0000000008002ed2       0x48 CMakeFiles/CANOpen-STM32.elf.dir/Middlewares/Third_Party/FreeRTOS/Source/list.c.obj
                0x0000000008002ed2                vListInsertEnd
 .text.vListInsert
                0x0000000008002f1a       0x72 CMakeFiles/CANOpen-STM32.elf.dir/Middlewares/Third_Party/FreeRTOS/Source/list.c.obj
                0x0000000008002f1a                vListInsert
 .text.uxListRemove
                0x0000000008002f8c       0x54 CMakeFiles/CANOpen-STM32.elf.dir/Middlewares/Third_Party/FreeRTOS/Source/list.c.obj
                0x0000000008002f8c                uxListRemove
 .text.pxPortInitialiseStack
                0x0000000008002fe0       0x68 CMakeFiles/CANOpen-STM32.elf.dir/Middlewares/Third_Party/FreeRTOS/Source/portable/GCC/ARM_CM4F/port.c.obj
                0x0000000008002fe0                pxPortInitialiseStack
 .text.prvTaskExitError
                0x0000000008003048       0x58 CMakeFiles/CANOpen-STM32.elf.dir/Middlewares/Third_Party/FreeRTOS/Source/portable/GCC/ARM_CM4F/port.c.obj
 .text.SVC_Handler
                0x00000000080030a0       0x28 CMakeFiles/CANOpen-STM32.elf.dir/Middlewares/Third_Party/FreeRTOS/Source/portable/GCC/ARM_CM4F/port.c.obj
                0x00000000080030a0                SVC_Handler
 .text.prvPortStartFirstTask
                0x00000000080030c8       0x28 CMakeFiles/CANOpen-STM32.elf.dir/Middlewares/Third_Party/FreeRTOS/Source/portable/GCC/ARM_CM4F/port.c.obj
 .text.xPortStartScheduler
                0x00000000080030f0      0x144 CMakeFiles/CANOpen-STM32.elf.dir/Middlewares/Third_Party/FreeRTOS/Source/portable/GCC/ARM_CM4F/port.c.obj
                0x00000000080030f0                xPortStartScheduler
 .text.vPortEnterCritical
                0x0000000008003234       0x60 CMakeFiles/CANOpen-STM32.elf.dir/Middlewares/Third_Party/FreeRTOS/Source/portable/GCC/ARM_CM4F/port.c.obj
                0x0000000008003234                vPortEnterCritical
 .text.vPortExitCritical
                0x0000000008003294       0x54 CMakeFiles/CANOpen-STM32.elf.dir/Middlewares/Third_Party/FreeRTOS/Source/portable/GCC/ARM_CM4F/port.c.obj
                0x0000000008003294                vPortExitCritical
 *fill*         0x00000000080032e8        0x8 
 .text.PendSV_Handler
                0x00000000080032f0       0x68 CMakeFiles/CANOpen-STM32.elf.dir/Middlewares/Third_Party/FreeRTOS/Source/portable/GCC/ARM_CM4F/port.c.obj
                0x00000000080032f0                PendSV_Handler
 .text.SysTick_Handler
                0x0000000008003358       0x44 CMakeFiles/CANOpen-STM32.elf.dir/Middlewares/Third_Party/FreeRTOS/Source/portable/GCC/ARM_CM4F/port.c.obj
                0x0000000008003358                SysTick_Handler
 .text.vPortSetupTimerInterrupt
                0x000000000800339c       0x48 CMakeFiles/CANOpen-STM32.elf.dir/Middlewares/Third_Party/FreeRTOS/Source/portable/GCC/ARM_CM4F/port.c.obj
                0x000000000800339c                vPortSetupTimerInterrupt
 .text.vPortEnableVFP
                0x00000000080033e4       0x14 CMakeFiles/CANOpen-STM32.elf.dir/Middlewares/Third_Party/FreeRTOS/Source/portable/GCC/ARM_CM4F/port.c.obj
 .text.vPortValidateInterruptPriority
                0x00000000080033f8       0x80 CMakeFiles/CANOpen-STM32.elf.dir/Middlewares/Third_Party/FreeRTOS/Source/portable/GCC/ARM_CM4F/port.c.obj
                0x00000000080033f8                vPortValidateInterruptPriority
 .text.pvPortMalloc
                0x0000000008003478      0x188 CMakeFiles/CANOpen-STM32.elf.dir/Middlewares/Third_Party/FreeRTOS/Source/portable/MemMang/heap_4.c.obj
                0x0000000008003478                pvPortMalloc
 .text.vPortFree
                0x0000000008003600       0xb4 CMakeFiles/CANOpen-STM32.elf.dir/Middlewares/Third_Party/FreeRTOS/Source/portable/MemMang/heap_4.c.obj
                0x0000000008003600                vPortFree
 .text.prvHeapInit
                0x00000000080036b4       0xc4 CMakeFiles/CANOpen-STM32.elf.dir/Middlewares/Third_Party/FreeRTOS/Source/portable/MemMang/heap_4.c.obj
 .text.prvInsertBlockIntoFreeList
                0x0000000008003778       0xb4 CMakeFiles/CANOpen-STM32.elf.dir/Middlewares/Third_Party/FreeRTOS/Source/portable/MemMang/heap_4.c.obj
 .text.xQueueGenericReset
                0x000000000800382c       0xd0 CMakeFiles/CANOpen-STM32.elf.dir/Middlewares/Third_Party/FreeRTOS/Source/queue.c.obj
                0x000000000800382c                xQueueGenericReset
 .text.xQueueGenericCreateStatic
                0x00000000080038fc       0xee CMakeFiles/CANOpen-STM32.elf.dir/Middlewares/Third_Party/FreeRTOS/Source/queue.c.obj
                0x00000000080038fc                xQueueGenericCreateStatic
 .text.prvInitialiseNewQueue
                0x00000000080039ea       0x46 CMakeFiles/CANOpen-STM32.elf.dir/Middlewares/Third_Party/FreeRTOS/Source/queue.c.obj
 .text.xQueueGenericSend
                0x0000000008003a30      0x1fc CMakeFiles/CANOpen-STM32.elf.dir/Middlewares/Third_Party/FreeRTOS/Source/queue.c.obj
                0x0000000008003a30                xQueueGenericSend
 .text.xQueueGenericSendFromISR
                0x0000000008003c2c      0x130 CMakeFiles/CANOpen-STM32.elf.dir/Middlewares/Third_Party/FreeRTOS/Source/queue.c.obj
                0x0000000008003c2c                xQueueGenericSendFromISR
 .text.xQueueReceive
                0x0000000008003d5c      0x1c0 CMakeFiles/CANOpen-STM32.elf.dir/Middlewares/Third_Party/FreeRTOS/Source/queue.c.obj
                0x0000000008003d5c                xQueueReceive
 .text.prvCopyDataToQueue
                0x0000000008003f1c       0xd4 CMakeFiles/CANOpen-STM32.elf.dir/Middlewares/Third_Party/FreeRTOS/Source/queue.c.obj
 .text.prvCopyDataFromQueue
                0x0000000008003ff0       0x4c CMakeFiles/CANOpen-STM32.elf.dir/Middlewares/Third_Party/FreeRTOS/Source/queue.c.obj
 .text.prvUnlockQueue
                0x000000000800403c       0xa4 CMakeFiles/CANOpen-STM32.elf.dir/Middlewares/Third_Party/FreeRTOS/Source/queue.c.obj
 .text.prvIsQueueEmpty
                0x00000000080040e0       0x2c CMakeFiles/CANOpen-STM32.elf.dir/Middlewares/Third_Party/FreeRTOS/Source/queue.c.obj
 .text.prvIsQueueFull
                0x000000000800410c       0x30 CMakeFiles/CANOpen-STM32.elf.dir/Middlewares/Third_Party/FreeRTOS/Source/queue.c.obj
 .text.vQueueAddToRegistry
                0x000000000800413c       0x54 CMakeFiles/CANOpen-STM32.elf.dir/Middlewares/Third_Party/FreeRTOS/Source/queue.c.obj
                0x000000000800413c                vQueueAddToRegistry
 .text.vQueueWaitForMessageRestricted
                0x0000000008004190       0x68 CMakeFiles/CANOpen-STM32.elf.dir/Middlewares/Third_Party/FreeRTOS/Source/queue.c.obj
                0x0000000008004190                vQueueWaitForMessageRestricted
 .text.xTaskCreateStatic
                0x00000000080041f8       0xb8 CMakeFiles/CANOpen-STM32.elf.dir/Middlewares/Third_Party/FreeRTOS/Source/tasks.c.obj
                0x00000000080041f8                xTaskCreateStatic
 .text.xTaskCreate
                0x00000000080042b0       0x8a CMakeFiles/CANOpen-STM32.elf.dir/Middlewares/Third_Party/FreeRTOS/Source/tasks.c.obj
                0x00000000080042b0                xTaskCreate
 .text.prvInitialiseNewTask
                0x000000000800433a      0x10e CMakeFiles/CANOpen-STM32.elf.dir/Middlewares/Third_Party/FreeRTOS/Source/tasks.c.obj
 .text.prvAddNewTaskToReadyList
                0x0000000008004448       0xe0 CMakeFiles/CANOpen-STM32.elf.dir/Middlewares/Third_Party/FreeRTOS/Source/tasks.c.obj
 .text.vTaskDelay
                0x0000000008004528       0x68 CMakeFiles/CANOpen-STM32.elf.dir/Middlewares/Third_Party/FreeRTOS/Source/tasks.c.obj
                0x0000000008004528                vTaskDelay
 .text.vTaskStartScheduler
                0x0000000008004590       0xcc CMakeFiles/CANOpen-STM32.elf.dir/Middlewares/Third_Party/FreeRTOS/Source/tasks.c.obj
                0x0000000008004590                vTaskStartScheduler
 .text.vTaskSuspendAll
                0x000000000800465c       0x1c CMakeFiles/CANOpen-STM32.elf.dir/Middlewares/Third_Party/FreeRTOS/Source/tasks.c.obj
                0x000000000800465c                vTaskSuspendAll
 .text.xTaskResumeAll
                0x0000000008004678      0x13c CMakeFiles/CANOpen-STM32.elf.dir/Middlewares/Third_Party/FreeRTOS/Source/tasks.c.obj
                0x0000000008004678                xTaskResumeAll
 .text.xTaskGetTickCount
                0x00000000080047b4       0x20 CMakeFiles/CANOpen-STM32.elf.dir/Middlewares/Third_Party/FreeRTOS/Source/tasks.c.obj
                0x00000000080047b4                xTaskGetTickCount
 .text.xTaskIncrementTick
                0x00000000080047d4      0x17c CMakeFiles/CANOpen-STM32.elf.dir/Middlewares/Third_Party/FreeRTOS/Source/tasks.c.obj
                0x00000000080047d4                xTaskIncrementTick
 .text.vTaskSwitchContext
                0x0000000008004950       0xbc CMakeFiles/CANOpen-STM32.elf.dir/Middlewares/Third_Party/FreeRTOS/Source/tasks.c.obj
                0x0000000008004950                vTaskSwitchContext
 .text.vTaskPlaceOnEventList
                0x0000000008004a0c       0x48 CMakeFiles/CANOpen-STM32.elf.dir/Middlewares/Third_Party/FreeRTOS/Source/tasks.c.obj
                0x0000000008004a0c                vTaskPlaceOnEventList
 .text.vTaskPlaceOnEventListRestricted
                0x0000000008004a54       0x58 CMakeFiles/CANOpen-STM32.elf.dir/Middlewares/Third_Party/FreeRTOS/Source/tasks.c.obj
                0x0000000008004a54                vTaskPlaceOnEventListRestricted
 .text.xTaskRemoveFromEventList
                0x0000000008004aac       0xc8 CMakeFiles/CANOpen-STM32.elf.dir/Middlewares/Third_Party/FreeRTOS/Source/tasks.c.obj
                0x0000000008004aac                xTaskRemoveFromEventList
 .text.vTaskInternalSetTimeOutState
                0x0000000008004b74       0x2c CMakeFiles/CANOpen-STM32.elf.dir/Middlewares/Third_Party/FreeRTOS/Source/tasks.c.obj
                0x0000000008004b74                vTaskInternalSetTimeOutState
 .text.xTaskCheckForTimeOut
                0x0000000008004ba0       0xc4 CMakeFiles/CANOpen-STM32.elf.dir/Middlewares/Third_Party/FreeRTOS/Source/tasks.c.obj
                0x0000000008004ba0                xTaskCheckForTimeOut
 .text.vTaskMissedYield
                0x0000000008004c64       0x18 CMakeFiles/CANOpen-STM32.elf.dir/Middlewares/Third_Party/FreeRTOS/Source/tasks.c.obj
                0x0000000008004c64                vTaskMissedYield
 .text.prvIdleTask
                0x0000000008004c7c       0x30 CMakeFiles/CANOpen-STM32.elf.dir/Middlewares/Third_Party/FreeRTOS/Source/tasks.c.obj
 .text.prvInitialiseTaskLists
                0x0000000008004cac       0x80 CMakeFiles/CANOpen-STM32.elf.dir/Middlewares/Third_Party/FreeRTOS/Source/tasks.c.obj
 .text.prvCheckTasksWaitingTermination
                0x0000000008004d2c       0x5c CMakeFiles/CANOpen-STM32.elf.dir/Middlewares/Third_Party/FreeRTOS/Source/tasks.c.obj
 .text.prvDeleteTCB
                0x0000000008004d88       0x5e CMakeFiles/CANOpen-STM32.elf.dir/Middlewares/Third_Party/FreeRTOS/Source/tasks.c.obj
 *fill*         0x0000000008004de6        0x2 
 .text.prvResetNextTaskUnblockTime
                0x0000000008004de8       0x4c CMakeFiles/CANOpen-STM32.elf.dir/Middlewares/Third_Party/FreeRTOS/Source/tasks.c.obj
 .text.xTaskGetSchedulerState
                0x0000000008004e34       0x3c CMakeFiles/CANOpen-STM32.elf.dir/Middlewares/Third_Party/FreeRTOS/Source/tasks.c.obj
                0x0000000008004e34                xTaskGetSchedulerState
 .text.xTaskPriorityDisinherit
                0x0000000008004e70       0xdc CMakeFiles/CANOpen-STM32.elf.dir/Middlewares/Third_Party/FreeRTOS/Source/tasks.c.obj
                0x0000000008004e70                xTaskPriorityDisinherit
 .text.prvAddCurrentTaskToDelayedList
                0x0000000008004f4c       0xa8 CMakeFiles/CANOpen-STM32.elf.dir/Middlewares/Third_Party/FreeRTOS/Source/tasks.c.obj
 .text.xTimerCreateTimerTask
                0x0000000008004ff4       0x90 CMakeFiles/CANOpen-STM32.elf.dir/Middlewares/Third_Party/FreeRTOS/Source/timers.c.obj
                0x0000000008004ff4                xTimerCreateTimerTask
 .text.xTimerGenericCommand
                0x0000000008005084       0x9c CMakeFiles/CANOpen-STM32.elf.dir/Middlewares/Third_Party/FreeRTOS/Source/timers.c.obj
                0x0000000008005084                xTimerGenericCommand
 .text.prvProcessExpiredTimer
                0x0000000008005120       0x80 CMakeFiles/CANOpen-STM32.elf.dir/Middlewares/Third_Party/FreeRTOS/Source/timers.c.obj
 .text.prvTimerTask
                0x00000000080051a0       0x24 CMakeFiles/CANOpen-STM32.elf.dir/Middlewares/Third_Party/FreeRTOS/Source/timers.c.obj
 .text.prvProcessTimerOrBlockTask
                0x00000000080051c4       0x9c CMakeFiles/CANOpen-STM32.elf.dir/Middlewares/Third_Party/FreeRTOS/Source/timers.c.obj
 .text.prvGetNextExpireTime
                0x0000000008005260       0x48 CMakeFiles/CANOpen-STM32.elf.dir/Middlewares/Third_Party/FreeRTOS/Source/timers.c.obj
 .text.prvSampleTimeNow
                0x00000000080052a8       0x40 CMakeFiles/CANOpen-STM32.elf.dir/Middlewares/Third_Party/FreeRTOS/Source/timers.c.obj
 .text.prvInsertTimerInActiveList
                0x00000000080052e8       0x84 CMakeFiles/CANOpen-STM32.elf.dir/Middlewares/Third_Party/FreeRTOS/Source/timers.c.obj
 .text.prvProcessReceivedCommands
                0x000000000800536c      0x168 CMakeFiles/CANOpen-STM32.elf.dir/Middlewares/Third_Party/FreeRTOS/Source/timers.c.obj
 .text.prvSwitchTimerLists
                0x00000000080054d4       0xc4 CMakeFiles/CANOpen-STM32.elf.dir/Middlewares/Third_Party/FreeRTOS/Source/timers.c.obj
 .text.prvCheckForValidListAndQueue
                0x0000000008005598       0x80 CMakeFiles/CANOpen-STM32.elf.dir/Middlewares/Third_Party/FreeRTOS/Source/timers.c.obj
 .text.MX_CAN1_Init
                0x0000000008005618       0x6c CMakeFiles/CANOpen-STM32.elf.dir/Src/can.c.obj
                0x0000000008005618                MX_CAN1_Init
 .text.HAL_CAN_MspInit
                0x0000000008005684       0xd0 CMakeFiles/CANOpen-STM32.elf.dir/Src/can.c.obj
                0x0000000008005684                HAL_CAN_MspInit
 .text.MX_DMA_Init
                0x0000000008005754       0x40 CMakeFiles/CANOpen-STM32.elf.dir/Src/dma.c.obj
                0x0000000008005754                MX_DMA_Init
 .text.MX_FREERTOS_Init
                0x0000000008005794       0xb0 CMakeFiles/CANOpen-STM32.elf.dir/Src/freertos.c.obj
                0x0000000008005794                MX_FREERTOS_Init
 .text.StartDefaultTask
                0x0000000008005844       0x10 CMakeFiles/CANOpen-STM32.elf.dir/Src/freertos.c.obj
                0x0000000008005844                StartDefaultTask
 .text.StartLEDTask
                0x0000000008005854       0x10 CMakeFiles/CANOpen-STM32.elf.dir/Src/freertos.c.obj
                0x0000000008005854                StartLEDTask
 .text.MX_GPIO_Init
                0x0000000008005864       0x6c CMakeFiles/CANOpen-STM32.elf.dir/Src/gpio.c.obj
                0x0000000008005864                MX_GPIO_Init
 .text.main     0x00000000080058d0       0x26 CMakeFiles/CANOpen-STM32.elf.dir/Src/main.c.obj
                0x00000000080058d0                main
 *fill*         0x00000000080058f6        0x2 
 .text.SystemClock_Config
                0x00000000080058f8       0xe4 CMakeFiles/CANOpen-STM32.elf.dir/Src/main.c.obj
                0x00000000080058f8                SystemClock_Config
 .text.HAL_TIM_PeriodElapsedCallback
                0x00000000080059dc       0x24 CMakeFiles/CANOpen-STM32.elf.dir/Src/main.c.obj
                0x00000000080059dc                HAL_TIM_PeriodElapsedCallback
 .text.Error_Handler
                0x0000000008005a00        0xe CMakeFiles/CANOpen-STM32.elf.dir/Src/main.c.obj
                0x0000000008005a00                Error_Handler
 *fill*         0x0000000008005a0e        0x2 
 .text.HAL_MspInit
                0x0000000008005a10       0x58 CMakeFiles/CANOpen-STM32.elf.dir/Src/stm32f4xx_hal_msp.c.obj
                0x0000000008005a10                HAL_MspInit
 .text.HAL_InitTick
                0x0000000008005a68       0xb4 CMakeFiles/CANOpen-STM32.elf.dir/Src/stm32f4xx_hal_timebase_tim.c.obj
                0x0000000008005a68                HAL_InitTick
 .text.NMI_Handler
                0x0000000008005b1c        0xe CMakeFiles/CANOpen-STM32.elf.dir/Src/stm32f4xx_it.c.obj
                0x0000000008005b1c                NMI_Handler
 .text.HardFault_Handler
                0x0000000008005b2a        0x6 CMakeFiles/CANOpen-STM32.elf.dir/Src/stm32f4xx_it.c.obj
                0x0000000008005b2a                HardFault_Handler
 .text.MemManage_Handler
                0x0000000008005b30        0x6 CMakeFiles/CANOpen-STM32.elf.dir/Src/stm32f4xx_it.c.obj
                0x0000000008005b30                MemManage_Handler
 .text.BusFault_Handler
                0x0000000008005b36        0x6 CMakeFiles/CANOpen-STM32.elf.dir/Src/stm32f4xx_it.c.obj
                0x0000000008005b36                BusFault_Handler
 .text.UsageFault_Handler
                0x0000000008005b3c        0x6 CMakeFiles/CANOpen-STM32.elf.dir/Src/stm32f4xx_it.c.obj
                0x0000000008005b3c                UsageFault_Handler
 .text.DebugMon_Handler
                0x0000000008005b42        0xe CMakeFiles/CANOpen-STM32.elf.dir/Src/stm32f4xx_it.c.obj
                0x0000000008005b42                DebugMon_Handler
 .text.DMA1_Stream6_IRQHandler
                0x0000000008005b50       0x14 CMakeFiles/CANOpen-STM32.elf.dir/Src/stm32f4xx_it.c.obj
                0x0000000008005b50                DMA1_Stream6_IRQHandler
 .text.CAN1_TX_IRQHandler
                0x0000000008005b64       0x14 CMakeFiles/CANOpen-STM32.elf.dir/Src/stm32f4xx_it.c.obj
                0x0000000008005b64                CAN1_TX_IRQHandler
 .text.CAN1_RX0_IRQHandler
                0x0000000008005b78       0x14 CMakeFiles/CANOpen-STM32.elf.dir/Src/stm32f4xx_it.c.obj
                0x0000000008005b78                CAN1_RX0_IRQHandler
 .text.CAN1_RX1_IRQHandler
                0x0000000008005b8c       0x14 CMakeFiles/CANOpen-STM32.elf.dir/Src/stm32f4xx_it.c.obj
                0x0000000008005b8c                CAN1_RX1_IRQHandler
 .text.CAN1_SCE_IRQHandler
                0x0000000008005ba0       0x14 CMakeFiles/CANOpen-STM32.elf.dir/Src/stm32f4xx_it.c.obj
                0x0000000008005ba0                CAN1_SCE_IRQHandler
 .text.TIM1_UP_TIM10_IRQHandler
                0x0000000008005bb4       0x14 CMakeFiles/CANOpen-STM32.elf.dir/Src/stm32f4xx_it.c.obj
                0x0000000008005bb4                TIM1_UP_TIM10_IRQHandler
 .text.SystemInit
                0x0000000008005bc8       0x2c CMakeFiles/CANOpen-STM32.elf.dir/Src/system_stm32f4xx.c.obj
                0x0000000008005bc8                SystemInit
 .text.MX_USART2_UART_Init
                0x0000000008005bf4       0x54 CMakeFiles/CANOpen-STM32.elf.dir/Src/usart.c.obj
                0x0000000008005bf4                MX_USART2_UART_Init
 .text.HAL_UART_MspInit
                0x0000000008005c48       0xf4 CMakeFiles/CANOpen-STM32.elf.dir/Src/usart.c.obj
                0x0000000008005c48                HAL_UART_MspInit
 .text.Reset_Handler
                0x0000000008005d3c       0x50 CMakeFiles/CANOpen-STM32.elf.dir/startup/startup_stm32f446xx.s.obj
                0x0000000008005d3c                Reset_Handler
 .text.Default_Handler
                0x0000000008005d8c        0x2 CMakeFiles/CANOpen-STM32.elf.dir/startup/startup_stm32f446xx.s.obj
                0x0000000008005d8c                RTC_Alarm_IRQHandler
                0x0000000008005d8c                EXTI2_IRQHandler
                0x0000000008005d8c                TIM8_CC_IRQHandler
                0x0000000008005d8c                FMPI2C1_EV_IRQHandler
                0x0000000008005d8c                SPI4_IRQHandler
                0x0000000008005d8c                TIM1_CC_IRQHandler
                0x0000000008005d8c                DMA2_Stream5_IRQHandler
                0x0000000008005d8c                DMA1_Stream5_IRQHandler
                0x0000000008005d8c                PVD_IRQHandler
                0x0000000008005d8c                SDIO_IRQHandler
                0x0000000008005d8c                TAMP_STAMP_IRQHandler
                0x0000000008005d8c                CAN2_RX1_IRQHandler
                0x0000000008005d8c                EXTI3_IRQHandler
                0x0000000008005d8c                TIM8_TRG_COM_TIM14_IRQHandler
                0x0000000008005d8c                TIM8_UP_TIM13_IRQHandler
                0x0000000008005d8c                I2C3_ER_IRQHandler
                0x0000000008005d8c                EXTI0_IRQHandler
                0x0000000008005d8c                I2C2_EV_IRQHandler
                0x0000000008005d8c                DMA1_Stream2_IRQHandler
                0x0000000008005d8c                FPU_IRQHandler
                0x0000000008005d8c                OTG_HS_WKUP_IRQHandler
                0x0000000008005d8c                CAN2_SCE_IRQHandler
                0x0000000008005d8c                DMA2_Stream2_IRQHandler
                0x0000000008005d8c                SPI1_IRQHandler
                0x0000000008005d8c                TIM6_DAC_IRQHandler
                0x0000000008005d8c                TIM1_BRK_TIM9_IRQHandler
                0x0000000008005d8c                DCMI_IRQHandler
                0x0000000008005d8c                CAN2_RX0_IRQHandler
                0x0000000008005d8c                DMA2_Stream3_IRQHandler
                0x0000000008005d8c                SAI2_IRQHandler
                0x0000000008005d8c                USART6_IRQHandler
                0x0000000008005d8c                USART3_IRQHandler
                0x0000000008005d8c                UART5_IRQHandler
                0x0000000008005d8c                DMA2_Stream0_IRQHandler
                0x0000000008005d8c                TIM4_IRQHandler
                0x0000000008005d8c                QUADSPI_IRQHandler
                0x0000000008005d8c                I2C1_EV_IRQHandler
                0x0000000008005d8c                DMA1_Stream1_IRQHandler
                0x0000000008005d8c                UART4_IRQHandler
                0x0000000008005d8c                TIM3_IRQHandler
                0x0000000008005d8c                RCC_IRQHandler
                0x0000000008005d8c                TIM8_BRK_TIM12_IRQHandler
                0x0000000008005d8c                Default_Handler
                0x0000000008005d8c                CEC_IRQHandler
                0x0000000008005d8c                EXTI15_10_IRQHandler
                0x0000000008005d8c                ADC_IRQHandler
                0x0000000008005d8c                DMA1_Stream7_IRQHandler
                0x0000000008005d8c                TIM7_IRQHandler
                0x0000000008005d8c                CAN2_TX_IRQHandler
                0x0000000008005d8c                TIM5_IRQHandler
                0x0000000008005d8c                DMA2_Stream7_IRQHandler
                0x0000000008005d8c                I2C3_EV_IRQHandler
                0x0000000008005d8c                EXTI9_5_IRQHandler
                0x0000000008005d8c                RTC_WKUP_IRQHandler
                0x0000000008005d8c                SPDIF_RX_IRQHandler
                0x0000000008005d8c                SPI2_IRQHandler
                0x0000000008005d8c                OTG_HS_EP1_IN_IRQHandler
                0x0000000008005d8c                DMA1_Stream0_IRQHandler
                0x0000000008005d8c                FMPI2C1_ER_IRQHandler
                0x0000000008005d8c                EXTI4_IRQHandler
                0x0000000008005d8c                OTG_HS_EP1_OUT_IRQHandler
                0x0000000008005d8c                WWDG_IRQHandler
                0x0000000008005d8c                TIM2_IRQHandler
                0x0000000008005d8c                OTG_FS_WKUP_IRQHandler
                0x0000000008005d8c                TIM1_TRG_COM_TIM11_IRQHandler
                0x0000000008005d8c                OTG_HS_IRQHandler
                0x0000000008005d8c                EXTI1_IRQHandler
                0x0000000008005d8c                USART2_IRQHandler
                0x0000000008005d8c                I2C2_ER_IRQHandler
                0x0000000008005d8c                DMA2_Stream1_IRQHandler
                0x0000000008005d8c                FLASH_IRQHandler
                0x0000000008005d8c                DMA2_Stream4_IRQHandler
                0x0000000008005d8c                USART1_IRQHandler
                0x0000000008005d8c                OTG_FS_IRQHandler
                0x0000000008005d8c                SPI3_IRQHandler
                0x0000000008005d8c                DMA1_Stream4_IRQHandler
                0x0000000008005d8c                I2C1_ER_IRQHandler
                0x0000000008005d8c                FMC_IRQHandler
                0x0000000008005d8c                DMA2_Stream6_IRQHandler
                0x0000000008005d8c                SAI1_IRQHandler
                0x0000000008005d8c                DMA1_Stream3_IRQHandler
 .text.__udivmoddi4
                0x0000000008005d8e      0x2aa /usr/lib/gcc/arm-none-eabi/9.2.0/thumb/v7e-m+fp/hard/libgcc.a(_udivmoddi4.o)
                0x0000000008005d8e                __udivmoddi4
 .text.__libc_init_array
                0x0000000008006038       0x48 /usr/lib/gcc/arm-none-eabi/9.2.0/../../../../arm-none-eabi/lib/thumb/v7e-m+fp/hard/libg_nano.a(lib_a-init.o)
                0x0000000008006038                __libc_init_array
 .text.memcpy   0x0000000008006080       0x1c /usr/lib/gcc/arm-none-eabi/9.2.0/../../../../arm-none-eabi/lib/thumb/v7e-m+fp/hard/libg_nano.a(lib_a-memcpy-stub.o)
                0x0000000008006080                memcpy
 .text.memset   0x000000000800609c       0x10 /usr/lib/gcc/arm-none-eabi/9.2.0/../../../../arm-none-eabi/lib/thumb/v7e-m+fp/hard/libg_nano.a(lib_a-memset.o)
                0x000000000800609c                memset
 *(.glue_7)
 .glue_7        0x00000000080060ac        0x0 linker stubs
 *(.glue_7t)
 .glue_7t       0x00000000080060ac        0x0 linker stubs
 *(.eh_frame)
 .eh_frame      0x00000000080060ac        0x0 /usr/lib/gcc/arm-none-eabi/9.2.0/thumb/v7e-m+fp/hard/crtbegin.o
 *(.init)
 .init          0x00000000080060ac        0x4 /usr/lib/gcc/arm-none-eabi/9.2.0/thumb/v7e-m+fp/hard/crti.o
                0x00000000080060ac                _init
 .init          0x00000000080060b0        0x8 /usr/lib/gcc/arm-none-eabi/9.2.0/thumb/v7e-m+fp/hard/crtn.o
 *(.fini)
 .fini          0x00000000080060b8        0x4 /usr/lib/gcc/arm-none-eabi/9.2.0/thumb/v7e-m+fp/hard/crti.o
                0x00000000080060b8                _fini
 .fini          0x00000000080060bc        0x8 /usr/lib/gcc/arm-none-eabi/9.2.0/thumb/v7e-m+fp/hard/crtn.o
                0x00000000080060c4                . = ALIGN (0x4)
                0x00000000080060c4                _etext = .

.vfp11_veneer   0x00000000080060c4        0x0
 .vfp11_veneer  0x00000000080060c4        0x0 linker stubs

.v4_bx          0x00000000080060c4        0x0
 .v4_bx         0x00000000080060c4        0x0 linker stubs

.iplt           0x00000000080060c4        0x0
 .iplt          0x00000000080060c4        0x0 /usr/lib/gcc/arm-none-eabi/9.2.0/thumb/v7e-m+fp/hard/crtbegin.o

.rodata         0x00000000080060c4       0x4c
                0x00000000080060c4                . = ALIGN (0x4)
 *(.rodata)
 .rodata        0x00000000080060c4        0x5 CMakeFiles/CANOpen-STM32.elf.dir/Middlewares/Third_Party/FreeRTOS/Source/tasks.c.obj
 *fill*         0x00000000080060c9        0x3 
 .rodata        0x00000000080060cc        0xd CMakeFiles/CANOpen-STM32.elf.dir/Middlewares/Third_Party/FreeRTOS/Source/timers.c.obj
 *fill*         0x00000000080060d9        0x3 
 .rodata        0x00000000080060dc       0x14 CMakeFiles/CANOpen-STM32.elf.dir/Src/freertos.c.obj
 *(.rodata*)
 .rodata.flagBitshiftOffset.8440
                0x00000000080060f0        0x8 CMakeFiles/CANOpen-STM32.elf.dir/Drivers/STM32F4xx_HAL_Driver/Src/stm32f4xx_hal_dma.c.obj
 .rodata.AHBPrescTable
                0x00000000080060f8       0x10 CMakeFiles/CANOpen-STM32.elf.dir/Src/system_stm32f4xx.c.obj
                0x00000000080060f8                AHBPrescTable
 .rodata.APBPrescTable
                0x0000000008006108        0x8 CMakeFiles/CANOpen-STM32.elf.dir/Src/system_stm32f4xx.c.obj
                0x0000000008006108                APBPrescTable
                0x0000000008006110                . = ALIGN (0x4)

.ARM.extab
 *(.ARM.extab* .gnu.linkonce.armextab.*)

.ARM            0x0000000008006110        0x8
                0x0000000008006110                __exidx_start = .
 *(.ARM.exidx*)
 .ARM.exidx.text.__udivmoddi4
                0x0000000008006110        0x8 /usr/lib/gcc/arm-none-eabi/9.2.0/thumb/v7e-m+fp/hard/libgcc.a(_udivmoddi4.o)
                0x0000000008006118                __exidx_end = .

.rel.dyn        0x0000000008006118        0x0
 .rel.iplt      0x0000000008006118        0x0 /usr/lib/gcc/arm-none-eabi/9.2.0/thumb/v7e-m+fp/hard/crtbegin.o

.preinit_array  0x0000000008006118        0x0
                0x0000000008006118                PROVIDE (__preinit_array_start = .)
 *(.preinit_array*)
                0x0000000008006118                PROVIDE (__preinit_array_end = .)

.init_array     0x0000000008006118        0x4
                0x0000000008006118                PROVIDE (__init_array_start = .)
 *(SORT_BY_NAME(.init_array.*))
 *(.init_array*)
 .init_array    0x0000000008006118        0x4 /usr/lib/gcc/arm-none-eabi/9.2.0/thumb/v7e-m+fp/hard/crtbegin.o
                0x000000000800611c                PROVIDE (__init_array_end = .)

.fini_array     0x000000000800611c        0x4
                0x000000000800611c                PROVIDE (__fini_array_start = .)
 *(SORT_BY_NAME(.fini_array.*))
 *(.fini_array*)
 .fini_array    0x000000000800611c        0x4 /usr/lib/gcc/arm-none-eabi/9.2.0/thumb/v7e-m+fp/hard/crtbegin.o
                0x0000000008006120                PROVIDE (__fini_array_end = .)
                0x0000000008006120                _sidata = LOADADDR (.data)

.data           0x0000000020000000       0x10 load address 0x0000000008006120
                0x0000000020000000                . = ALIGN (0x4)
                0x0000000020000000                _sdata = .
 *(.data)
 *(.data*)
 .data.uwTickPrio
                0x0000000020000000        0x4 CMakeFiles/CANOpen-STM32.elf.dir/Drivers/STM32F4xx_HAL_Driver/Src/stm32f4xx_hal.c.obj
                0x0000000020000000                uwTickPrio
 .data.uwTickFreq
                0x0000000020000004        0x1 CMakeFiles/CANOpen-STM32.elf.dir/Drivers/STM32F4xx_HAL_Driver/Src/stm32f4xx_hal.c.obj
                0x0000000020000004                uwTickFreq
 *fill*         0x0000000020000005        0x3 
 .data.uxCriticalNesting
                0x0000000020000008        0x4 CMakeFiles/CANOpen-STM32.elf.dir/Middlewares/Third_Party/FreeRTOS/Source/portable/GCC/ARM_CM4F/port.c.obj
 .data.SystemCoreClock
                0x000000002000000c        0x4 CMakeFiles/CANOpen-STM32.elf.dir/Src/system_stm32f4xx.c.obj
                0x000000002000000c                SystemCoreClock
                0x0000000020000010                . = ALIGN (0x4)
                0x0000000020000010                _edata = .

.igot.plt       0x0000000020000010        0x0 load address 0x0000000008006130
 .igot.plt      0x0000000020000010        0x0 /usr/lib/gcc/arm-none-eabi/9.2.0/thumb/v7e-m+fp/hard/crtbegin.o
                0x0000000020000010                . = ALIGN (0x4)

.bss            0x0000000020000010     0x4f30 load address 0x0000000008006130
                0x0000000020000010                _sbss = .
                0x0000000020000010                __bss_start__ = _sbss
 *(.bss)
 *(.bss*)
 .bss.completed.10254
                0x0000000020000010        0x1 /usr/lib/gcc/arm-none-eabi/9.2.0/thumb/v7e-m+fp/hard/crtbegin.o
 *fill*         0x0000000020000011        0x3 
 .bss.object.10259
                0x0000000020000014       0x18 /usr/lib/gcc/arm-none-eabi/9.2.0/thumb/v7e-m+fp/hard/crtbegin.o
 .bss.uwTick    0x000000002000002c        0x4 CMakeFiles/CANOpen-STM32.elf.dir/Drivers/STM32F4xx_HAL_Driver/Src/stm32f4xx_hal.c.obj
                0x000000002000002c                uwTick
 .bss.KernelState
                0x0000000020000030        0x4 CMakeFiles/CANOpen-STM32.elf.dir/Middlewares/Third_Party/FreeRTOS/Source/CMSIS_RTOS_V2/cmsis_os2.c.obj
 .bss.Idle_TCB  0x0000000020000034       0x5c CMakeFiles/CANOpen-STM32.elf.dir/Middlewares/Third_Party/FreeRTOS/Source/CMSIS_RTOS_V2/cmsis_os2.c.obj
 .bss.Idle_Stack
                0x0000000020000090      0x200 CMakeFiles/CANOpen-STM32.elf.dir/Middlewares/Third_Party/FreeRTOS/Source/CMSIS_RTOS_V2/cmsis_os2.c.obj
 .bss.Timer_TCB
                0x0000000020000290       0x5c CMakeFiles/CANOpen-STM32.elf.dir/Middlewares/Third_Party/FreeRTOS/Source/CMSIS_RTOS_V2/cmsis_os2.c.obj
 .bss.Timer_Stack
                0x00000000200002ec      0x400 CMakeFiles/CANOpen-STM32.elf.dir/Middlewares/Third_Party/FreeRTOS/Source/CMSIS_RTOS_V2/cmsis_os2.c.obj
 .bss.ucMaxSysCallPriority
                0x00000000200006ec        0x1 CMakeFiles/CANOpen-STM32.elf.dir/Middlewares/Third_Party/FreeRTOS/Source/portable/GCC/ARM_CM4F/port.c.obj
 *fill*         0x00000000200006ed        0x3 
 .bss.ulMaxPRIGROUPValue
                0x00000000200006f0        0x4 CMakeFiles/CANOpen-STM32.elf.dir/Middlewares/Third_Party/FreeRTOS/Source/portable/GCC/ARM_CM4F/port.c.obj
 .bss.ucHeap    0x00000000200006f4     0x3c00 CMakeFiles/CANOpen-STM32.elf.dir/Middlewares/Third_Party/FreeRTOS/Source/portable/MemMang/heap_4.c.obj
 .bss.xStart    0x00000000200042f4        0x8 CMakeFiles/CANOpen-STM32.elf.dir/Middlewares/Third_Party/FreeRTOS/Source/portable/MemMang/heap_4.c.obj
 .bss.pxEnd     0x00000000200042fc        0x4 CMakeFiles/CANOpen-STM32.elf.dir/Middlewares/Third_Party/FreeRTOS/Source/portable/MemMang/heap_4.c.obj
 .bss.xFreeBytesRemaining
                0x0000000020004300        0x4 CMakeFiles/CANOpen-STM32.elf.dir/Middlewares/Third_Party/FreeRTOS/Source/portable/MemMang/heap_4.c.obj
 .bss.xMinimumEverFreeBytesRemaining
                0x0000000020004304        0x4 CMakeFiles/CANOpen-STM32.elf.dir/Middlewares/Third_Party/FreeRTOS/Source/portable/MemMang/heap_4.c.obj
 .bss.xBlockAllocatedBit
                0x0000000020004308        0x4 CMakeFiles/CANOpen-STM32.elf.dir/Middlewares/Third_Party/FreeRTOS/Source/portable/MemMang/heap_4.c.obj
 .bss.xQueueRegistry
                0x000000002000430c       0x40 CMakeFiles/CANOpen-STM32.elf.dir/Middlewares/Third_Party/FreeRTOS/Source/queue.c.obj
                0x000000002000430c                xQueueRegistry
 .bss.pxCurrentTCB
                0x000000002000434c        0x4 CMakeFiles/CANOpen-STM32.elf.dir/Middlewares/Third_Party/FreeRTOS/Source/tasks.c.obj
                0x000000002000434c                pxCurrentTCB
 .bss.pxReadyTasksLists
                0x0000000020004350      0x460 CMakeFiles/CANOpen-STM32.elf.dir/Middlewares/Third_Party/FreeRTOS/Source/tasks.c.obj
 .bss.xDelayedTaskList1
                0x00000000200047b0       0x14 CMakeFiles/CANOpen-STM32.elf.dir/Middlewares/Third_Party/FreeRTOS/Source/tasks.c.obj
 .bss.xDelayedTaskList2
                0x00000000200047c4       0x14 CMakeFiles/CANOpen-STM32.elf.dir/Middlewares/Third_Party/FreeRTOS/Source/tasks.c.obj
 .bss.pxDelayedTaskList
                0x00000000200047d8        0x4 CMakeFiles/CANOpen-STM32.elf.dir/Middlewares/Third_Party/FreeRTOS/Source/tasks.c.obj
 .bss.pxOverflowDelayedTaskList
                0x00000000200047dc        0x4 CMakeFiles/CANOpen-STM32.elf.dir/Middlewares/Third_Party/FreeRTOS/Source/tasks.c.obj
 .bss.xPendingReadyList
                0x00000000200047e0       0x14 CMakeFiles/CANOpen-STM32.elf.dir/Middlewares/Third_Party/FreeRTOS/Source/tasks.c.obj
 .bss.xTasksWaitingTermination
                0x00000000200047f4       0x14 CMakeFiles/CANOpen-STM32.elf.dir/Middlewares/Third_Party/FreeRTOS/Source/tasks.c.obj
 .bss.uxDeletedTasksWaitingCleanUp
                0x0000000020004808        0x4 CMakeFiles/CANOpen-STM32.elf.dir/Middlewares/Third_Party/FreeRTOS/Source/tasks.c.obj
 .bss.xSuspendedTaskList
                0x000000002000480c       0x14 CMakeFiles/CANOpen-STM32.elf.dir/Middlewares/Third_Party/FreeRTOS/Source/tasks.c.obj
 .bss.uxCurrentNumberOfTasks
                0x0000000020004820        0x4 CMakeFiles/CANOpen-STM32.elf.dir/Middlewares/Third_Party/FreeRTOS/Source/tasks.c.obj
 .bss.xTickCount
                0x0000000020004824        0x4 CMakeFiles/CANOpen-STM32.elf.dir/Middlewares/Third_Party/FreeRTOS/Source/tasks.c.obj
 .bss.uxTopReadyPriority
                0x0000000020004828        0x4 CMakeFiles/CANOpen-STM32.elf.dir/Middlewares/Third_Party/FreeRTOS/Source/tasks.c.obj
 .bss.xSchedulerRunning
                0x000000002000482c        0x4 CMakeFiles/CANOpen-STM32.elf.dir/Middlewares/Third_Party/FreeRTOS/Source/tasks.c.obj
 .bss.uxPendedTicks
                0x0000000020004830        0x4 CMakeFiles/CANOpen-STM32.elf.dir/Middlewares/Third_Party/FreeRTOS/Source/tasks.c.obj
 .bss.xYieldPending
                0x0000000020004834        0x4 CMakeFiles/CANOpen-STM32.elf.dir/Middlewares/Third_Party/FreeRTOS/Source/tasks.c.obj
 .bss.xNumOfOverflows
                0x0000000020004838        0x4 CMakeFiles/CANOpen-STM32.elf.dir/Middlewares/Third_Party/FreeRTOS/Source/tasks.c.obj
 .bss.uxTaskNumber
                0x000000002000483c        0x4 CMakeFiles/CANOpen-STM32.elf.dir/Middlewares/Third_Party/FreeRTOS/Source/tasks.c.obj
 .bss.xNextTaskUnblockTime
                0x0000000020004840        0x4 CMakeFiles/CANOpen-STM32.elf.dir/Middlewares/Third_Party/FreeRTOS/Source/tasks.c.obj
 .bss.xIdleTaskHandle
                0x0000000020004844        0x4 CMakeFiles/CANOpen-STM32.elf.dir/Middlewares/Third_Party/FreeRTOS/Source/tasks.c.obj
 .bss.uxSchedulerSuspended
                0x0000000020004848        0x4 CMakeFiles/CANOpen-STM32.elf.dir/Middlewares/Third_Party/FreeRTOS/Source/tasks.c.obj
 .bss.xActiveTimerList1
                0x000000002000484c       0x14 CMakeFiles/CANOpen-STM32.elf.dir/Middlewares/Third_Party/FreeRTOS/Source/timers.c.obj
 .bss.xActiveTimerList2
                0x0000000020004860       0x14 CMakeFiles/CANOpen-STM32.elf.dir/Middlewares/Third_Party/FreeRTOS/Source/timers.c.obj
 .bss.pxCurrentTimerList
                0x0000000020004874        0x4 CMakeFiles/CANOpen-STM32.elf.dir/Middlewares/Third_Party/FreeRTOS/Source/timers.c.obj
 .bss.pxOverflowTimerList
                0x0000000020004878        0x4 CMakeFiles/CANOpen-STM32.elf.dir/Middlewares/Third_Party/FreeRTOS/Source/timers.c.obj
 .bss.xTimerQueue
                0x000000002000487c        0x4 CMakeFiles/CANOpen-STM32.elf.dir/Middlewares/Third_Party/FreeRTOS/Source/timers.c.obj
 .bss.xTimerTaskHandle
                0x0000000020004880        0x4 CMakeFiles/CANOpen-STM32.elf.dir/Middlewares/Third_Party/FreeRTOS/Source/timers.c.obj
 .bss.xLastTime.6866
                0x0000000020004884        0x4 CMakeFiles/CANOpen-STM32.elf.dir/Middlewares/Third_Party/FreeRTOS/Source/timers.c.obj
 .bss.ucStaticTimerQueueStorage.6917
                0x0000000020004888       0xa0 CMakeFiles/CANOpen-STM32.elf.dir/Middlewares/Third_Party/FreeRTOS/Source/timers.c.obj
 .bss.xStaticTimerQueue.6916
                0x0000000020004928       0x50 CMakeFiles/CANOpen-STM32.elf.dir/Middlewares/Third_Party/FreeRTOS/Source/timers.c.obj
 .bss.hcan1     0x0000000020004978       0x28 CMakeFiles/CANOpen-STM32.elf.dir/Src/can.c.obj
                0x0000000020004978                hcan1
 .bss.defaultTaskHandle
                0x00000000200049a0        0x4 CMakeFiles/CANOpen-STM32.elf.dir/Src/freertos.c.obj
                0x00000000200049a0                defaultTaskHandle
 .bss.defaultTaskBuffer
                0x00000000200049a4      0x200 CMakeFiles/CANOpen-STM32.elf.dir/Src/freertos.c.obj
                0x00000000200049a4                defaultTaskBuffer
 .bss.defaultTaskControlBlock
                0x0000000020004ba4       0x5c CMakeFiles/CANOpen-STM32.elf.dir/Src/freertos.c.obj
                0x0000000020004ba4                defaultTaskControlBlock
 .bss.ledTaskHandle
                0x0000000020004c00        0x4 CMakeFiles/CANOpen-STM32.elf.dir/Src/freertos.c.obj
                0x0000000020004c00                ledTaskHandle
 .bss.ledTaskBuffer
                0x0000000020004c04      0x200 CMakeFiles/CANOpen-STM32.elf.dir/Src/freertos.c.obj
                0x0000000020004c04                ledTaskBuffer
 .bss.ledTaskControlBlock
                0x0000000020004e04       0x5c CMakeFiles/CANOpen-STM32.elf.dir/Src/freertos.c.obj
                0x0000000020004e04                ledTaskControlBlock
 .bss.htim1     0x0000000020004e60       0x40 CMakeFiles/CANOpen-STM32.elf.dir/Src/stm32f4xx_hal_timebase_tim.c.obj
                0x0000000020004e60                htim1
 .bss.huart2    0x0000000020004ea0       0x40 CMakeFiles/CANOpen-STM32.elf.dir/Src/usart.c.obj
                0x0000000020004ea0                huart2
 .bss.hdma_usart2_tx
                0x0000000020004ee0       0x60 CMakeFiles/CANOpen-STM32.elf.dir/Src/usart.c.obj
                0x0000000020004ee0                hdma_usart2_tx
 *(COMMON)
                0x0000000020004f40                . = ALIGN (0x4)
                0x0000000020004f40                _ebss = .
                0x0000000020004f40                __bss_end__ = _ebss

._user_heap_stack
                0x0000000020004f40      0x600 load address 0x0000000008006130
                0x0000000020004f40                . = ALIGN (0x8)
                0x0000000020004f40                PROVIDE (end = .)
                [!provide]                        PROVIDE (_end = .)
                0x0000000020005140                . = (. + _Min_Heap_Size)
 *fill*         0x0000000020004f40      0x200 
                0x0000000020005540                . = (. + _Min_Stack_Size)
 *fill*         0x0000000020005140      0x400 
                0x0000000020005540                . = ALIGN (0x8)

/DISCARD/
 libc.a(*)
 libm.a(*)
 libgcc.a(*)

.ARM.attributes
                0x0000000000000000       0x30
 *(.ARM.attributes)
 .ARM.attributes
                0x0000000000000000       0x1e /usr/lib/gcc/arm-none-eabi/9.2.0/thumb/v7e-m+fp/hard/crti.o
 .ARM.attributes
                0x000000000000001e       0x34 /usr/lib/gcc/arm-none-eabi/9.2.0/thumb/v7e-m+fp/hard/crtbegin.o
 .ARM.attributes
                0x0000000000000052       0x34 CMakeFiles/CANOpen-STM32.elf.dir/Drivers/STM32F4xx_HAL_Driver/Src/stm32f4xx_hal.c.obj
 .ARM.attributes
                0x0000000000000086       0x34 CMakeFiles/CANOpen-STM32.elf.dir/Drivers/STM32F4xx_HAL_Driver/Src/stm32f4xx_hal_can.c.obj
 .ARM.attributes
                0x00000000000000ba       0x34 CMakeFiles/CANOpen-STM32.elf.dir/Drivers/STM32F4xx_HAL_Driver/Src/stm32f4xx_hal_cortex.c.obj
 .ARM.attributes
                0x00000000000000ee       0x34 CMakeFiles/CANOpen-STM32.elf.dir/Drivers/STM32F4xx_HAL_Driver/Src/stm32f4xx_hal_dma.c.obj
 .ARM.attributes
                0x0000000000000122       0x34 CMakeFiles/CANOpen-STM32.elf.dir/Drivers/STM32F4xx_HAL_Driver/Src/stm32f4xx_hal_gpio.c.obj
 .ARM.attributes
                0x0000000000000156       0x34 CMakeFiles/CANOpen-STM32.elf.dir/Drivers/STM32F4xx_HAL_Driver/Src/stm32f4xx_hal_pwr_ex.c.obj
 .ARM.attributes
                0x000000000000018a       0x34 CMakeFiles/CANOpen-STM32.elf.dir/Drivers/STM32F4xx_HAL_Driver/Src/stm32f4xx_hal_rcc.c.obj
 .ARM.attributes
                0x00000000000001be       0x34 CMakeFiles/CANOpen-STM32.elf.dir/Drivers/STM32F4xx_HAL_Driver/Src/stm32f4xx_hal_rcc_ex.c.obj
 .ARM.attributes
                0x00000000000001f2       0x34 CMakeFiles/CANOpen-STM32.elf.dir/Drivers/STM32F4xx_HAL_Driver/Src/stm32f4xx_hal_tim.c.obj
 .ARM.attributes
                0x0000000000000226       0x34 CMakeFiles/CANOpen-STM32.elf.dir/Drivers/STM32F4xx_HAL_Driver/Src/stm32f4xx_hal_tim_ex.c.obj
 .ARM.attributes
                0x000000000000025a       0x34 CMakeFiles/CANOpen-STM32.elf.dir/Drivers/STM32F4xx_HAL_Driver/Src/stm32f4xx_hal_uart.c.obj
 .ARM.attributes
                0x000000000000028e       0x34 CMakeFiles/CANOpen-STM32.elf.dir/Middlewares/Third_Party/FreeRTOS/Source/CMSIS_RTOS_V2/cmsis_os2.c.obj
 .ARM.attributes
                0x00000000000002c2       0x34 CMakeFiles/CANOpen-STM32.elf.dir/Middlewares/Third_Party/FreeRTOS/Source/list.c.obj
 .ARM.attributes
                0x00000000000002f6       0x34 CMakeFiles/CANOpen-STM32.elf.dir/Middlewares/Third_Party/FreeRTOS/Source/portable/GCC/ARM_CM4F/port.c.obj
 .ARM.attributes
                0x000000000000032a       0x34 CMakeFiles/CANOpen-STM32.elf.dir/Middlewares/Third_Party/FreeRTOS/Source/portable/MemMang/heap_4.c.obj
 .ARM.attributes
                0x000000000000035e       0x34 CMakeFiles/CANOpen-STM32.elf.dir/Middlewares/Third_Party/FreeRTOS/Source/queue.c.obj
 .ARM.attributes
                0x0000000000000392       0x34 CMakeFiles/CANOpen-STM32.elf.dir/Middlewares/Third_Party/FreeRTOS/Source/tasks.c.obj
 .ARM.attributes
                0x00000000000003c6       0x34 CMakeFiles/CANOpen-STM32.elf.dir/Middlewares/Third_Party/FreeRTOS/Source/timers.c.obj
 .ARM.attributes
                0x00000000000003fa       0x34 CMakeFiles/CANOpen-STM32.elf.dir/Src/can.c.obj
 .ARM.attributes
                0x000000000000042e       0x34 CMakeFiles/CANOpen-STM32.elf.dir/Src/dma.c.obj
 .ARM.attributes
                0x0000000000000462       0x34 CMakeFiles/CANOpen-STM32.elf.dir/Src/freertos.c.obj
 .ARM.attributes
                0x0000000000000496       0x34 CMakeFiles/CANOpen-STM32.elf.dir/Src/gpio.c.obj
 .ARM.attributes
                0x00000000000004ca       0x34 CMakeFiles/CANOpen-STM32.elf.dir/Src/main.c.obj
 .ARM.attributes
                0x00000000000004fe       0x34 CMakeFiles/CANOpen-STM32.elf.dir/Src/stm32f4xx_hal_msp.c.obj
 .ARM.attributes
                0x0000000000000532       0x34 CMakeFiles/CANOpen-STM32.elf.dir/Src/stm32f4xx_hal_timebase_tim.c.obj
 .ARM.attributes
                0x0000000000000566       0x34 CMakeFiles/CANOpen-STM32.elf.dir/Src/stm32f4xx_it.c.obj
 .ARM.attributes
                0x000000000000059a       0x34 CMakeFiles/CANOpen-STM32.elf.dir/Src/system_stm32f4xx.c.obj
 .ARM.attributes
                0x00000000000005ce       0x34 CMakeFiles/CANOpen-STM32.elf.dir/Src/usart.c.obj
 .ARM.attributes
                0x0000000000000602       0x21 CMakeFiles/CANOpen-STM32.elf.dir/startup/startup_stm32f446xx.s.obj
 .ARM.attributes
                0x0000000000000623       0x1e /usr/lib/gcc/arm-none-eabi/9.2.0/thumb/v7e-m+fp/hard/libgcc.a(_aeabi_uldivmod.o)
 .ARM.attributes
                0x0000000000000641       0x34 /usr/lib/gcc/arm-none-eabi/9.2.0/thumb/v7e-m+fp/hard/libgcc.a(_udivmoddi4.o)
 .ARM.attributes
                0x0000000000000675       0x1e /usr/lib/gcc/arm-none-eabi/9.2.0/thumb/v7e-m+fp/hard/libgcc.a(_dvmd_tls.o)
 .ARM.attributes
                0x0000000000000693       0x34 /usr/lib/gcc/arm-none-eabi/9.2.0/../../../../arm-none-eabi/lib/thumb/v7e-m+fp/hard/libg_nano.a(lib_a-init.o)
 .ARM.attributes
                0x00000000000006c7       0x34 /usr/lib/gcc/arm-none-eabi/9.2.0/../../../../arm-none-eabi/lib/thumb/v7e-m+fp/hard/libg_nano.a(lib_a-memcpy-stub.o)
 .ARM.attributes
                0x00000000000006fb       0x34 /usr/lib/gcc/arm-none-eabi/9.2.0/../../../../arm-none-eabi/lib/thumb/v7e-m+fp/hard/libg_nano.a(lib_a-memset.o)
 .ARM.attributes
                0x000000000000072f       0x1e /usr/lib/gcc/arm-none-eabi/9.2.0/thumb/v7e-m+fp/hard/crtn.o
OUTPUT(CANOpen-STM32.elf elf32-littlearm)

.debug_info     0x0000000000000000    0x1c879
 .debug_info    0x0000000000000000      0x9fd CMakeFiles/CANOpen-STM32.elf.dir/Drivers/STM32F4xx_HAL_Driver/Src/stm32f4xx_hal.c.obj
 .debug_info    0x00000000000009fd     0x108a CMakeFiles/CANOpen-STM32.elf.dir/Drivers/STM32F4xx_HAL_Driver/Src/stm32f4xx_hal_can.c.obj
 .debug_info    0x0000000000001a87      0xeea CMakeFiles/CANOpen-STM32.elf.dir/Drivers/STM32F4xx_HAL_Driver/Src/stm32f4xx_hal_cortex.c.obj
 .debug_info    0x0000000000002971      0x9e6 CMakeFiles/CANOpen-STM32.elf.dir/Drivers/STM32F4xx_HAL_Driver/Src/stm32f4xx_hal_dma.c.obj
 .debug_info    0x0000000000003357      0x877 CMakeFiles/CANOpen-STM32.elf.dir/Drivers/STM32F4xx_HAL_Driver/Src/stm32f4xx_hal_gpio.c.obj
 .debug_info    0x0000000000003bce      0x7bf CMakeFiles/CANOpen-STM32.elf.dir/Drivers/STM32F4xx_HAL_Driver/Src/stm32f4xx_hal_pwr_ex.c.obj
 .debug_info    0x000000000000438d      0x9d0 CMakeFiles/CANOpen-STM32.elf.dir/Drivers/STM32F4xx_HAL_Driver/Src/stm32f4xx_hal_rcc.c.obj
 .debug_info    0x0000000000004d5d      0xa6b CMakeFiles/CANOpen-STM32.elf.dir/Drivers/STM32F4xx_HAL_Driver/Src/stm32f4xx_hal_rcc_ex.c.obj
 .debug_info    0x00000000000057c8     0x26c2 CMakeFiles/CANOpen-STM32.elf.dir/Drivers/STM32F4xx_HAL_Driver/Src/stm32f4xx_hal_tim.c.obj
 .debug_info    0x0000000000007e8a     0x1254 CMakeFiles/CANOpen-STM32.elf.dir/Drivers/STM32F4xx_HAL_Driver/Src/stm32f4xx_hal_tim_ex.c.obj
 .debug_info    0x00000000000090de     0x134c CMakeFiles/CANOpen-STM32.elf.dir/Drivers/STM32F4xx_HAL_Driver/Src/stm32f4xx_hal_uart.c.obj
 .debug_info    0x000000000000a42a     0x3cf0 CMakeFiles/CANOpen-STM32.elf.dir/Middlewares/Third_Party/FreeRTOS/Source/CMSIS_RTOS_V2/cmsis_os2.c.obj
 .debug_info    0x000000000000e11a      0xb71 CMakeFiles/CANOpen-STM32.elf.dir/Middlewares/Third_Party/FreeRTOS/Source/list.c.obj
 .debug_info    0x000000000000ec8b      0x4e6 CMakeFiles/CANOpen-STM32.elf.dir/Middlewares/Third_Party/FreeRTOS/Source/portable/GCC/ARM_CM4F/port.c.obj
 .debug_info    0x000000000000f171      0xc6c CMakeFiles/CANOpen-STM32.elf.dir/Middlewares/Third_Party/FreeRTOS/Source/portable/MemMang/heap_4.c.obj
 .debug_info    0x000000000000fddd     0x22d3 CMakeFiles/CANOpen-STM32.elf.dir/Middlewares/Third_Party/FreeRTOS/Source/queue.c.obj
 .debug_info    0x00000000000120b0     0x29a3 CMakeFiles/CANOpen-STM32.elf.dir/Middlewares/Third_Party/FreeRTOS/Source/tasks.c.obj
 .debug_info    0x0000000000014a53     0x1af0 CMakeFiles/CANOpen-STM32.elf.dir/Middlewares/Third_Party/FreeRTOS/Source/timers.c.obj
 .debug_info    0x0000000000016543      0xba5 CMakeFiles/CANOpen-STM32.elf.dir/Src/can.c.obj
 .debug_info    0x00000000000170e8      0x5e7 CMakeFiles/CANOpen-STM32.elf.dir/Src/dma.c.obj
 .debug_info    0x00000000000176cf      0x5d6 CMakeFiles/CANOpen-STM32.elf.dir/Src/freertos.c.obj
 .debug_info    0x0000000000017ca5      0x3de CMakeFiles/CANOpen-STM32.elf.dir/Src/gpio.c.obj
 .debug_info    0x0000000000018083     0x111e CMakeFiles/CANOpen-STM32.elf.dir/Src/main.c.obj
 .debug_info    0x00000000000191a1      0x604 CMakeFiles/CANOpen-STM32.elf.dir/Src/stm32f4xx_hal_msp.c.obj
 .debug_info    0x00000000000197a5      0xc10 CMakeFiles/CANOpen-STM32.elf.dir/Src/stm32f4xx_hal_timebase_tim.c.obj
 .debug_info    0x000000000001a3b5      0xb78 CMakeFiles/CANOpen-STM32.elf.dir/Src/stm32f4xx_it.c.obj
 .debug_info    0x000000000001af2d      0x5d1 CMakeFiles/CANOpen-STM32.elf.dir/Src/system_stm32f4xx.c.obj
 .debug_info    0x000000000001b4fe     0x1359 CMakeFiles/CANOpen-STM32.elf.dir/Src/usart.c.obj
 .debug_info    0x000000000001c857       0x22 CMakeFiles/CANOpen-STM32.elf.dir/startup/startup_stm32f446xx.s.obj

.debug_abbrev   0x0000000000000000     0x3df8
 .debug_abbrev  0x0000000000000000      0x1ea CMakeFiles/CANOpen-STM32.elf.dir/Drivers/STM32F4xx_HAL_Driver/Src/stm32f4xx_hal.c.obj
 .debug_abbrev  0x00000000000001ea      0x252 CMakeFiles/CANOpen-STM32.elf.dir/Drivers/STM32F4xx_HAL_Driver/Src/stm32f4xx_hal_can.c.obj
 .debug_abbrev  0x000000000000043c      0x339 CMakeFiles/CANOpen-STM32.elf.dir/Drivers/STM32F4xx_HAL_Driver/Src/stm32f4xx_hal_cortex.c.obj
 .debug_abbrev  0x0000000000000775      0x256 CMakeFiles/CANOpen-STM32.elf.dir/Drivers/STM32F4xx_HAL_Driver/Src/stm32f4xx_hal_dma.c.obj
 .debug_abbrev  0x00000000000009cb      0x1ee CMakeFiles/CANOpen-STM32.elf.dir/Drivers/STM32F4xx_HAL_Driver/Src/stm32f4xx_hal_gpio.c.obj
 .debug_abbrev  0x0000000000000bb9      0x1d7 CMakeFiles/CANOpen-STM32.elf.dir/Drivers/STM32F4xx_HAL_Driver/Src/stm32f4xx_hal_pwr_ex.c.obj
 .debug_abbrev  0x0000000000000d90      0x272 CMakeFiles/CANOpen-STM32.elf.dir/Drivers/STM32F4xx_HAL_Driver/Src/stm32f4xx_hal_rcc.c.obj
 .debug_abbrev  0x0000000000001002      0x1df CMakeFiles/CANOpen-STM32.elf.dir/Drivers/STM32F4xx_HAL_Driver/Src/stm32f4xx_hal_rcc_ex.c.obj
 .debug_abbrev  0x00000000000011e1      0x25b CMakeFiles/CANOpen-STM32.elf.dir/Drivers/STM32F4xx_HAL_Driver/Src/stm32f4xx_hal_tim.c.obj
 .debug_abbrev  0x000000000000143c      0x249 CMakeFiles/CANOpen-STM32.elf.dir/Drivers/STM32F4xx_HAL_Driver/Src/stm32f4xx_hal_tim_ex.c.obj
 .debug_abbrev  0x0000000000001685      0x26d CMakeFiles/CANOpen-STM32.elf.dir/Drivers/STM32F4xx_HAL_Driver/Src/stm32f4xx_hal_uart.c.obj
 .debug_abbrev  0x00000000000018f2      0x3ea CMakeFiles/CANOpen-STM32.elf.dir/Middlewares/Third_Party/FreeRTOS/Source/CMSIS_RTOS_V2/cmsis_os2.c.obj
 .debug_abbrev  0x0000000000001cdc      0x1f4 CMakeFiles/CANOpen-STM32.elf.dir/Middlewares/Third_Party/FreeRTOS/Source/list.c.obj
 .debug_abbrev  0x0000000000001ed0      0x22e CMakeFiles/CANOpen-STM32.elf.dir/Middlewares/Third_Party/FreeRTOS/Source/portable/GCC/ARM_CM4F/port.c.obj
 .debug_abbrev  0x00000000000020fe      0x2d0 CMakeFiles/CANOpen-STM32.elf.dir/Middlewares/Third_Party/FreeRTOS/Source/portable/MemMang/heap_4.c.obj
 .debug_abbrev  0x00000000000023ce      0x39f CMakeFiles/CANOpen-STM32.elf.dir/Middlewares/Third_Party/FreeRTOS/Source/queue.c.obj
 .debug_abbrev  0x000000000000276d      0x397 CMakeFiles/CANOpen-STM32.elf.dir/Middlewares/Third_Party/FreeRTOS/Source/tasks.c.obj
 .debug_abbrev  0x0000000000002b04      0x314 CMakeFiles/CANOpen-STM32.elf.dir/Middlewares/Third_Party/FreeRTOS/Source/timers.c.obj
 .debug_abbrev  0x0000000000002e18      0x1db CMakeFiles/CANOpen-STM32.elf.dir/Src/can.c.obj
 .debug_abbrev  0x0000000000002ff3      0x118 CMakeFiles/CANOpen-STM32.elf.dir/Src/dma.c.obj
 .debug_abbrev  0x000000000000310b      0x168 CMakeFiles/CANOpen-STM32.elf.dir/Src/freertos.c.obj
 .debug_abbrev  0x0000000000003273      0x11a CMakeFiles/CANOpen-STM32.elf.dir/Src/gpio.c.obj
 .debug_abbrev  0x000000000000338d      0x209 CMakeFiles/CANOpen-STM32.elf.dir/Src/main.c.obj
 .debug_abbrev  0x0000000000003596      0x123 CMakeFiles/CANOpen-STM32.elf.dir/Src/stm32f4xx_hal_msp.c.obj
 .debug_abbrev  0x00000000000036b9      0x1bc CMakeFiles/CANOpen-STM32.elf.dir/Src/stm32f4xx_hal_timebase_tim.c.obj
 .debug_abbrev  0x0000000000003875      0x1b5 CMakeFiles/CANOpen-STM32.elf.dir/Src/stm32f4xx_it.c.obj
 .debug_abbrev  0x0000000000003a2a      0x142 CMakeFiles/CANOpen-STM32.elf.dir/Src/system_stm32f4xx.c.obj
 .debug_abbrev  0x0000000000003b6c      0x27a CMakeFiles/CANOpen-STM32.elf.dir/Src/usart.c.obj
 .debug_abbrev  0x0000000000003de6       0x12 CMakeFiles/CANOpen-STM32.elf.dir/startup/startup_stm32f446xx.s.obj

.debug_aranges  0x0000000000000000     0x15e0
 .debug_aranges
                0x0000000000000000       0xf0 CMakeFiles/CANOpen-STM32.elf.dir/Drivers/STM32F4xx_HAL_Driver/Src/stm32f4xx_hal.c.obj
 .debug_aranges
                0x00000000000000f0      0x138 CMakeFiles/CANOpen-STM32.elf.dir/Drivers/STM32F4xx_HAL_Driver/Src/stm32f4xx_hal_can.c.obj
 .debug_aranges
                0x0000000000000228      0x118 CMakeFiles/CANOpen-STM32.elf.dir/Drivers/STM32F4xx_HAL_Driver/Src/stm32f4xx_hal_cortex.c.obj
 .debug_aranges
                0x0000000000000340       0x90 CMakeFiles/CANOpen-STM32.elf.dir/Drivers/STM32F4xx_HAL_Driver/Src/stm32f4xx_hal_dma.c.obj
 .debug_aranges
                0x00000000000003d0       0x58 CMakeFiles/CANOpen-STM32.elf.dir/Drivers/STM32F4xx_HAL_Driver/Src/stm32f4xx_hal_gpio.c.obj
 .debug_aranges
                0x0000000000000428       0x60 CMakeFiles/CANOpen-STM32.elf.dir/Drivers/STM32F4xx_HAL_Driver/Src/stm32f4xx_hal_pwr_ex.c.obj
 .debug_aranges
                0x0000000000000488       0x88 CMakeFiles/CANOpen-STM32.elf.dir/Drivers/STM32F4xx_HAL_Driver/Src/stm32f4xx_hal_rcc.c.obj
 .debug_aranges
                0x0000000000000510       0x78 CMakeFiles/CANOpen-STM32.elf.dir/Drivers/STM32F4xx_HAL_Driver/Src/stm32f4xx_hal_rcc_ex.c.obj
 .debug_aranges
                0x0000000000000588      0x3a8 CMakeFiles/CANOpen-STM32.elf.dir/Drivers/STM32F4xx_HAL_Driver/Src/stm32f4xx_hal_tim.c.obj
 .debug_aranges
                0x0000000000000930      0x150 CMakeFiles/CANOpen-STM32.elf.dir/Drivers/STM32F4xx_HAL_Driver/Src/stm32f4xx_hal_tim_ex.c.obj
 .debug_aranges
                0x0000000000000a80      0x1d0 CMakeFiles/CANOpen-STM32.elf.dir/Drivers/STM32F4xx_HAL_Driver/Src/stm32f4xx_hal_uart.c.obj
 .debug_aranges
                0x0000000000000c50      0x228 CMakeFiles/CANOpen-STM32.elf.dir/Middlewares/Third_Party/FreeRTOS/Source/CMSIS_RTOS_V2/cmsis_os2.c.obj
 .debug_aranges
                0x0000000000000e78       0x40 CMakeFiles/CANOpen-STM32.elf.dir/Middlewares/Third_Party/FreeRTOS/Source/list.c.obj
 .debug_aranges
                0x0000000000000eb8       0x80 CMakeFiles/CANOpen-STM32.elf.dir/Middlewares/Third_Party/FreeRTOS/Source/portable/GCC/ARM_CM4F/port.c.obj
 .debug_aranges
                0x0000000000000f38       0x50 CMakeFiles/CANOpen-STM32.elf.dir/Middlewares/Third_Party/FreeRTOS/Source/portable/MemMang/heap_4.c.obj
 .debug_aranges
                0x0000000000000f88      0x158 CMakeFiles/CANOpen-STM32.elf.dir/Middlewares/Third_Party/FreeRTOS/Source/queue.c.obj
 .debug_aranges
                0x00000000000010e0      0x1f8 CMakeFiles/CANOpen-STM32.elf.dir/Middlewares/Third_Party/FreeRTOS/Source/tasks.c.obj
 .debug_aranges
                0x00000000000012d8       0xe0 CMakeFiles/CANOpen-STM32.elf.dir/Middlewares/Third_Party/FreeRTOS/Source/timers.c.obj
 .debug_aranges
                0x00000000000013b8       0x30 CMakeFiles/CANOpen-STM32.elf.dir/Src/can.c.obj
 .debug_aranges
                0x00000000000013e8       0x20 CMakeFiles/CANOpen-STM32.elf.dir/Src/dma.c.obj
 .debug_aranges
                0x0000000000001408       0x30 CMakeFiles/CANOpen-STM32.elf.dir/Src/freertos.c.obj
 .debug_aranges
                0x0000000000001438       0x20 CMakeFiles/CANOpen-STM32.elf.dir/Src/gpio.c.obj
 .debug_aranges
                0x0000000000001458       0x38 CMakeFiles/CANOpen-STM32.elf.dir/Src/main.c.obj
 .debug_aranges
                0x0000000000001490       0x20 CMakeFiles/CANOpen-STM32.elf.dir/Src/stm32f4xx_hal_msp.c.obj
 .debug_aranges
                0x00000000000014b0       0x30 CMakeFiles/CANOpen-STM32.elf.dir/Src/stm32f4xx_hal_timebase_tim.c.obj
 .debug_aranges
                0x00000000000014e0       0x78 CMakeFiles/CANOpen-STM32.elf.dir/Src/stm32f4xx_it.c.obj
 .debug_aranges
                0x0000000000001558       0x28 CMakeFiles/CANOpen-STM32.elf.dir/Src/system_stm32f4xx.c.obj
 .debug_aranges
                0x0000000000001580       0x38 CMakeFiles/CANOpen-STM32.elf.dir/Src/usart.c.obj
 .debug_aranges
                0x00000000000015b8       0x28 CMakeFiles/CANOpen-STM32.elf.dir/startup/startup_stm32f446xx.s.obj

.debug_ranges   0x0000000000000000     0x1418
 .debug_ranges  0x0000000000000000       0xe0 CMakeFiles/CANOpen-STM32.elf.dir/Drivers/STM32F4xx_HAL_Driver/Src/stm32f4xx_hal.c.obj
 .debug_ranges  0x00000000000000e0      0x128 CMakeFiles/CANOpen-STM32.elf.dir/Drivers/STM32F4xx_HAL_Driver/Src/stm32f4xx_hal_can.c.obj
 .debug_ranges  0x0000000000000208      0x108 CMakeFiles/CANOpen-STM32.elf.dir/Drivers/STM32F4xx_HAL_Driver/Src/stm32f4xx_hal_cortex.c.obj
 .debug_ranges  0x0000000000000310       0x80 CMakeFiles/CANOpen-STM32.elf.dir/Drivers/STM32F4xx_HAL_Driver/Src/stm32f4xx_hal_dma.c.obj
 .debug_ranges  0x0000000000000390       0x48 CMakeFiles/CANOpen-STM32.elf.dir/Drivers/STM32F4xx_HAL_Driver/Src/stm32f4xx_hal_gpio.c.obj
 .debug_ranges  0x00000000000003d8       0x50 CMakeFiles/CANOpen-STM32.elf.dir/Drivers/STM32F4xx_HAL_Driver/Src/stm32f4xx_hal_pwr_ex.c.obj
 .debug_ranges  0x0000000000000428       0x78 CMakeFiles/CANOpen-STM32.elf.dir/Drivers/STM32F4xx_HAL_Driver/Src/stm32f4xx_hal_rcc.c.obj
 .debug_ranges  0x00000000000004a0       0x68 CMakeFiles/CANOpen-STM32.elf.dir/Drivers/STM32F4xx_HAL_Driver/Src/stm32f4xx_hal_rcc_ex.c.obj
 .debug_ranges  0x0000000000000508      0x398 CMakeFiles/CANOpen-STM32.elf.dir/Drivers/STM32F4xx_HAL_Driver/Src/stm32f4xx_hal_tim.c.obj
 .debug_ranges  0x00000000000008a0      0x140 CMakeFiles/CANOpen-STM32.elf.dir/Drivers/STM32F4xx_HAL_Driver/Src/stm32f4xx_hal_tim_ex.c.obj
 .debug_ranges  0x00000000000009e0      0x1c0 CMakeFiles/CANOpen-STM32.elf.dir/Drivers/STM32F4xx_HAL_Driver/Src/stm32f4xx_hal_uart.c.obj
 .debug_ranges  0x0000000000000ba0      0x218 CMakeFiles/CANOpen-STM32.elf.dir/Middlewares/Third_Party/FreeRTOS/Source/CMSIS_RTOS_V2/cmsis_os2.c.obj
 .debug_ranges  0x0000000000000db8       0x30 CMakeFiles/CANOpen-STM32.elf.dir/Middlewares/Third_Party/FreeRTOS/Source/list.c.obj
 .debug_ranges  0x0000000000000de8       0x70 CMakeFiles/CANOpen-STM32.elf.dir/Middlewares/Third_Party/FreeRTOS/Source/portable/GCC/ARM_CM4F/port.c.obj
 .debug_ranges  0x0000000000000e58       0x40 CMakeFiles/CANOpen-STM32.elf.dir/Middlewares/Third_Party/FreeRTOS/Source/portable/MemMang/heap_4.c.obj
 .debug_ranges  0x0000000000000e98      0x148 CMakeFiles/CANOpen-STM32.elf.dir/Middlewares/Third_Party/FreeRTOS/Source/queue.c.obj
 .debug_ranges  0x0000000000000fe0      0x1e8 CMakeFiles/CANOpen-STM32.elf.dir/Middlewares/Third_Party/FreeRTOS/Source/tasks.c.obj
 .debug_ranges  0x00000000000011c8       0xd0 CMakeFiles/CANOpen-STM32.elf.dir/Middlewares/Third_Party/FreeRTOS/Source/timers.c.obj
 .debug_ranges  0x0000000000001298       0x20 CMakeFiles/CANOpen-STM32.elf.dir/Src/can.c.obj
 .debug_ranges  0x00000000000012b8       0x10 CMakeFiles/CANOpen-STM32.elf.dir/Src/dma.c.obj
 .debug_ranges  0x00000000000012c8       0x20 CMakeFiles/CANOpen-STM32.elf.dir/Src/freertos.c.obj
 .debug_ranges  0x00000000000012e8       0x10 CMakeFiles/CANOpen-STM32.elf.dir/Src/gpio.c.obj
 .debug_ranges  0x00000000000012f8       0x28 CMakeFiles/CANOpen-STM32.elf.dir/Src/main.c.obj
 .debug_ranges  0x0000000000001320       0x10 CMakeFiles/CANOpen-STM32.elf.dir/Src/stm32f4xx_hal_msp.c.obj
 .debug_ranges  0x0000000000001330       0x20 CMakeFiles/CANOpen-STM32.elf.dir/Src/stm32f4xx_hal_timebase_tim.c.obj
 .debug_ranges  0x0000000000001350       0x68 CMakeFiles/CANOpen-STM32.elf.dir/Src/stm32f4xx_it.c.obj
 .debug_ranges  0x00000000000013b8       0x18 CMakeFiles/CANOpen-STM32.elf.dir/Src/system_stm32f4xx.c.obj
 .debug_ranges  0x00000000000013d0       0x28 CMakeFiles/CANOpen-STM32.elf.dir/Src/usart.c.obj
 .debug_ranges  0x00000000000013f8       0x20 CMakeFiles/CANOpen-STM32.elf.dir/startup/startup_stm32f446xx.s.obj

.debug_line     0x0000000000000000    0x10ed3
 .debug_line    0x0000000000000000      0x525 CMakeFiles/CANOpen-STM32.elf.dir/Drivers/STM32F4xx_HAL_Driver/Src/stm32f4xx_hal.c.obj
 .debug_line    0x0000000000000525      0xcb7 CMakeFiles/CANOpen-STM32.elf.dir/Drivers/STM32F4xx_HAL_Driver/Src/stm32f4xx_hal_can.c.obj
 .debug_line    0x00000000000011dc      0x7e6 CMakeFiles/CANOpen-STM32.elf.dir/Drivers/STM32F4xx_HAL_Driver/Src/stm32f4xx_hal_cortex.c.obj
 .debug_line    0x00000000000019c2      0xaa5 CMakeFiles/CANOpen-STM32.elf.dir/Drivers/STM32F4xx_HAL_Driver/Src/stm32f4xx_hal_dma.c.obj
 .debug_line    0x0000000000002467      0x6b1 CMakeFiles/CANOpen-STM32.elf.dir/Drivers/STM32F4xx_HAL_Driver/Src/stm32f4xx_hal_gpio.c.obj
 .debug_line    0x0000000000002b18      0x454 CMakeFiles/CANOpen-STM32.elf.dir/Drivers/STM32F4xx_HAL_Driver/Src/stm32f4xx_hal_pwr_ex.c.obj
 .debug_line    0x0000000000002f6c      0x8d3 CMakeFiles/CANOpen-STM32.elf.dir/Drivers/STM32F4xx_HAL_Driver/Src/stm32f4xx_hal_rcc.c.obj
 .debug_line    0x000000000000383f      0xef4 CMakeFiles/CANOpen-STM32.elf.dir/Drivers/STM32F4xx_HAL_Driver/Src/stm32f4xx_hal_rcc_ex.c.obj
 .debug_line    0x0000000000004733     0x2530 CMakeFiles/CANOpen-STM32.elf.dir/Drivers/STM32F4xx_HAL_Driver/Src/stm32f4xx_hal_tim.c.obj
 .debug_line    0x0000000000006c63      0xd5e CMakeFiles/CANOpen-STM32.elf.dir/Drivers/STM32F4xx_HAL_Driver/Src/stm32f4xx_hal_tim_ex.c.obj
 .debug_line    0x00000000000079c1     0x136c CMakeFiles/CANOpen-STM32.elf.dir/Drivers/STM32F4xx_HAL_Driver/Src/stm32f4xx_hal_uart.c.obj
 .debug_line    0x0000000000008d2d     0x20d6 CMakeFiles/CANOpen-STM32.elf.dir/Middlewares/Third_Party/FreeRTOS/Source/CMSIS_RTOS_V2/cmsis_os2.c.obj
 .debug_line    0x000000000000ae03      0x391 CMakeFiles/CANOpen-STM32.elf.dir/Middlewares/Third_Party/FreeRTOS/Source/list.c.obj
 .debug_line    0x000000000000b194      0x4dc CMakeFiles/CANOpen-STM32.elf.dir/Middlewares/Third_Party/FreeRTOS/Source/portable/GCC/ARM_CM4F/port.c.obj
 .debug_line    0x000000000000b670      0x4e4 CMakeFiles/CANOpen-STM32.elf.dir/Middlewares/Third_Party/FreeRTOS/Source/portable/MemMang/heap_4.c.obj
 .debug_line    0x000000000000bb54     0x1330 CMakeFiles/CANOpen-STM32.elf.dir/Middlewares/Third_Party/FreeRTOS/Source/queue.c.obj
 .debug_line    0x000000000000ce84     0x1977 CMakeFiles/CANOpen-STM32.elf.dir/Middlewares/Third_Party/FreeRTOS/Source/tasks.c.obj
 .debug_line    0x000000000000e7fb      0x92f CMakeFiles/CANOpen-STM32.elf.dir/Middlewares/Third_Party/FreeRTOS/Source/timers.c.obj
 .debug_line    0x000000000000f12a      0x304 CMakeFiles/CANOpen-STM32.elf.dir/Src/can.c.obj
 .debug_line    0x000000000000f42e      0x1fb CMakeFiles/CANOpen-STM32.elf.dir/Src/dma.c.obj
 .debug_line    0x000000000000f629      0x3ca CMakeFiles/CANOpen-STM32.elf.dir/Src/freertos.c.obj
 .debug_line    0x000000000000f9f3      0x1fc CMakeFiles/CANOpen-STM32.elf.dir/Src/gpio.c.obj
 .debug_line    0x000000000000fbef      0x388 CMakeFiles/CANOpen-STM32.elf.dir/Src/main.c.obj
 .debug_line    0x000000000000ff77      0x20a CMakeFiles/CANOpen-STM32.elf.dir/Src/stm32f4xx_hal_msp.c.obj
 .debug_line    0x0000000000010181      0x2ce CMakeFiles/CANOpen-STM32.elf.dir/Src/stm32f4xx_hal_timebase_tim.c.obj
 .debug_line    0x000000000001044f      0x370 CMakeFiles/CANOpen-STM32.elf.dir/Src/stm32f4xx_it.c.obj
 .debug_line    0x00000000000107bf      0x29a CMakeFiles/CANOpen-STM32.elf.dir/Src/system_stm32f4xx.c.obj
 .debug_line    0x0000000000010a59      0x3d3 CMakeFiles/CANOpen-STM32.elf.dir/Src/usart.c.obj
 .debug_line    0x0000000000010e2c       0xa7 CMakeFiles/CANOpen-STM32.elf.dir/startup/startup_stm32f446xx.s.obj

.debug_str      0x0000000000000000     0x7cf4
 .debug_str     0x0000000000000000      0xb78 CMakeFiles/CANOpen-STM32.elf.dir/Drivers/STM32F4xx_HAL_Driver/Src/stm32f4xx_hal.c.obj
                                        0xbfb (size before relaxing)
 .debug_str     0x0000000000000b78      0x7cc CMakeFiles/CANOpen-STM32.elf.dir/Drivers/STM32F4xx_HAL_Driver/Src/stm32f4xx_hal_can.c.obj
                                        0xb3e (size before relaxing)
 .debug_str     0x0000000000001344      0x50e CMakeFiles/CANOpen-STM32.elf.dir/Drivers/STM32F4xx_HAL_Driver/Src/stm32f4xx_hal_cortex.c.obj
                                        0xd5a (size before relaxing)
 .debug_str     0x0000000000001852      0x52a CMakeFiles/CANOpen-STM32.elf.dir/Drivers/STM32F4xx_HAL_Driver/Src/stm32f4xx_hal_dma.c.obj
                                        0x859 (size before relaxing)
 .debug_str     0x0000000000001d7c      0x206 CMakeFiles/CANOpen-STM32.elf.dir/Drivers/STM32F4xx_HAL_Driver/Src/stm32f4xx_hal_gpio.c.obj
                                        0x604 (size before relaxing)
 .debug_str     0x0000000000001f82      0x18c CMakeFiles/CANOpen-STM32.elf.dir/Drivers/STM32F4xx_HAL_Driver/Src/stm32f4xx_hal_pwr_ex.c.obj
                                        0x5e3 (size before relaxing)
 .debug_str     0x000000000000210e      0x315 CMakeFiles/CANOpen-STM32.elf.dir/Drivers/STM32F4xx_HAL_Driver/Src/stm32f4xx_hal_rcc.c.obj
                                        0x7c0 (size before relaxing)
 .debug_str     0x0000000000002423      0x367 CMakeFiles/CANOpen-STM32.elf.dir/Drivers/STM32F4xx_HAL_Driver/Src/stm32f4xx_hal_rcc_ex.c.obj
                                        0x8c6 (size before relaxing)
 .debug_str     0x000000000000278a      0xfe6 CMakeFiles/CANOpen-STM32.elf.dir/Drivers/STM32F4xx_HAL_Driver/Src/stm32f4xx_hal_tim.c.obj
                                       0x1569 (size before relaxing)
 .debug_str     0x0000000000003770      0x5a1 CMakeFiles/CANOpen-STM32.elf.dir/Drivers/STM32F4xx_HAL_Driver/Src/stm32f4xx_hal_tim_ex.c.obj
                                        0xd69 (size before relaxing)
 .debug_str     0x0000000000003d11      0x705 CMakeFiles/CANOpen-STM32.elf.dir/Drivers/STM32F4xx_HAL_Driver/Src/stm32f4xx_hal_uart.c.obj
                                        0xca9 (size before relaxing)
 .debug_str     0x0000000000004416     0x1593 CMakeFiles/CANOpen-STM32.elf.dir/Middlewares/Third_Party/FreeRTOS/Source/CMSIS_RTOS_V2/cmsis_os2.c.obj
                                       0x1847 (size before relaxing)
 .debug_str     0x00000000000059a9      0x16b CMakeFiles/CANOpen-STM32.elf.dir/Middlewares/Third_Party/FreeRTOS/Source/list.c.obj
                                        0x768 (size before relaxing)
 .debug_str     0x0000000000005b14      0x252 CMakeFiles/CANOpen-STM32.elf.dir/Middlewares/Third_Party/FreeRTOS/Source/portable/GCC/ARM_CM4F/port.c.obj
                                        0x48b (size before relaxing)
 .debug_str     0x0000000000005d66      0x227 CMakeFiles/CANOpen-STM32.elf.dir/Middlewares/Third_Party/FreeRTOS/Source/portable/MemMang/heap_4.c.obj
                                        0x832 (size before relaxing)
 .debug_str     0x0000000000005f8d      0x6ed CMakeFiles/CANOpen-STM32.elf.dir/Middlewares/Third_Party/FreeRTOS/Source/queue.c.obj
                                        0xf12 (size before relaxing)
 .debug_str     0x000000000000667a      0xb78 CMakeFiles/CANOpen-STM32.elf.dir/Middlewares/Third_Party/FreeRTOS/Source/tasks.c.obj
                                       0x15c4 (size before relaxing)
 .debug_str     0x00000000000071f2      0x57d CMakeFiles/CANOpen-STM32.elf.dir/Middlewares/Third_Party/FreeRTOS/Source/timers.c.obj
                                        0xee1 (size before relaxing)
 .debug_str     0x000000000000776f       0x52 CMakeFiles/CANOpen-STM32.elf.dir/Src/can.c.obj
                                        0xc40 (size before relaxing)
 .debug_str     0x00000000000077c1       0x41 CMakeFiles/CANOpen-STM32.elf.dir/Src/dma.c.obj
                                        0x90d (size before relaxing)
 .debug_str     0x0000000000007802      0x113 CMakeFiles/CANOpen-STM32.elf.dir/Src/freertos.c.obj
                                        0x8bf (size before relaxing)
 .debug_str     0x0000000000007915       0x43 CMakeFiles/CANOpen-STM32.elf.dir/Src/gpio.c.obj
                                        0x3e0 (size before relaxing)
 .debug_str     0x0000000000007958       0x63 CMakeFiles/CANOpen-STM32.elf.dir/Src/main.c.obj
                                        0xd87 (size before relaxing)
 .debug_str     0x00000000000079bb       0x43 CMakeFiles/CANOpen-STM32.elf.dir/Src/stm32f4xx_hal_msp.c.obj
                                        0x91b (size before relaxing)
 .debug_str     0x00000000000079fe       0x78 CMakeFiles/CANOpen-STM32.elf.dir/Src/stm32f4xx_hal_timebase_tim.c.obj
                                        0xe34 (size before relaxing)
 .debug_str     0x0000000000007a76      0x132 CMakeFiles/CANOpen-STM32.elf.dir/Src/stm32f4xx_it.c.obj
                                        0xa44 (size before relaxing)
 .debug_str     0x0000000000007ba8       0x6d CMakeFiles/CANOpen-STM32.elf.dir/Src/system_stm32f4xx.c.obj
                                        0x468 (size before relaxing)
 .debug_str     0x0000000000007c15       0x88 CMakeFiles/CANOpen-STM32.elf.dir/Src/usart.c.obj
                                        0xd23 (size before relaxing)
 .debug_str     0x0000000000007c9d       0x57 CMakeFiles/CANOpen-STM32.elf.dir/startup/startup_stm32f446xx.s.obj
                                         0x94 (size before relaxing)

.comment        0x0000000000000000       0x1d
 .comment       0x0000000000000000       0x1d CMakeFiles/CANOpen-STM32.elf.dir/Drivers/STM32F4xx_HAL_Driver/Src/stm32f4xx_hal.c.obj
                                         0x1e (size before relaxing)
 .comment       0x000000000000001d       0x1e CMakeFiles/CANOpen-STM32.elf.dir/Drivers/STM32F4xx_HAL_Driver/Src/stm32f4xx_hal_can.c.obj
 .comment       0x000000000000001d       0x1e CMakeFiles/CANOpen-STM32.elf.dir/Drivers/STM32F4xx_HAL_Driver/Src/stm32f4xx_hal_cortex.c.obj
 .comment       0x000000000000001d       0x1e CMakeFiles/CANOpen-STM32.elf.dir/Drivers/STM32F4xx_HAL_Driver/Src/stm32f4xx_hal_dma.c.obj
 .comment       0x000000000000001d       0x1e CMakeFiles/CANOpen-STM32.elf.dir/Drivers/STM32F4xx_HAL_Driver/Src/stm32f4xx_hal_gpio.c.obj
 .comment       0x000000000000001d       0x1e CMakeFiles/CANOpen-STM32.elf.dir/Drivers/STM32F4xx_HAL_Driver/Src/stm32f4xx_hal_pwr_ex.c.obj
 .comment       0x000000000000001d       0x1e CMakeFiles/CANOpen-STM32.elf.dir/Drivers/STM32F4xx_HAL_Driver/Src/stm32f4xx_hal_rcc.c.obj
 .comment       0x000000000000001d       0x1e CMakeFiles/CANOpen-STM32.elf.dir/Drivers/STM32F4xx_HAL_Driver/Src/stm32f4xx_hal_rcc_ex.c.obj
 .comment       0x000000000000001d       0x1e CMakeFiles/CANOpen-STM32.elf.dir/Drivers/STM32F4xx_HAL_Driver/Src/stm32f4xx_hal_tim.c.obj
 .comment       0x000000000000001d       0x1e CMakeFiles/CANOpen-STM32.elf.dir/Drivers/STM32F4xx_HAL_Driver/Src/stm32f4xx_hal_tim_ex.c.obj
 .comment       0x000000000000001d       0x1e CMakeFiles/CANOpen-STM32.elf.dir/Drivers/STM32F4xx_HAL_Driver/Src/stm32f4xx_hal_uart.c.obj
 .comment       0x000000000000001d       0x1e CMakeFiles/CANOpen-STM32.elf.dir/Middlewares/Third_Party/FreeRTOS/Source/CMSIS_RTOS_V2/cmsis_os2.c.obj
 .comment       0x000000000000001d       0x1e CMakeFiles/CANOpen-STM32.elf.dir/Middlewares/Third_Party/FreeRTOS/Source/list.c.obj
 .comment       0x000000000000001d       0x1e CMakeFiles/CANOpen-STM32.elf.dir/Middlewares/Third_Party/FreeRTOS/Source/portable/GCC/ARM_CM4F/port.c.obj
 .comment       0x000000000000001d       0x1e CMakeFiles/CANOpen-STM32.elf.dir/Middlewares/Third_Party/FreeRTOS/Source/portable/MemMang/heap_4.c.obj
 .comment       0x000000000000001d       0x1e CMakeFiles/CANOpen-STM32.elf.dir/Middlewares/Third_Party/FreeRTOS/Source/queue.c.obj
 .comment       0x000000000000001d       0x1e CMakeFiles/CANOpen-STM32.elf.dir/Middlewares/Third_Party/FreeRTOS/Source/tasks.c.obj